[    0.000000] Linux version 4.15.0-212-generic (buildd@lcy02-amd64-083) (gcc version 7.5.0 (Ubuntu 7.5.0-3ubuntu1~18.04)) #223-Ubuntu SMP Tue May 23 13:09:22 UTC 2023 (Ubuntu 4.15.0-212.223-generic 4.15.18)
[    0.000000] Command line: BOOT_IMAGE=/boot/vmlinuz-4.15.0-212-generic root=LABEL=cloudimg-rootfs ro console=tty1 console=ttyS0
[    0.000000] KERNEL supported cpus:
[    0.000000]   Intel GenuineIntel
[    0.000000]   AMD AuthenticAMD
[    0.000000]   Centaur CentaurHauls
[    0.000000] x86/fpu: x87 FPU will use FXSAVE
[    0.000000] e820: BIOS-provided physical RAM map:
[    0.000000] BIOS-e820: [mem 0x0000000000000000-0x000000000009fbff] usable
[    0.000000] BIOS-e820: [mem 0x000000000009fc00-0x000000000009ffff] reserved
[    0.000000] BIOS-e820: [mem 0x00000000000f0000-0x00000000000fffff] reserved
[    0.000000] BIOS-e820: [mem 0x0000000000100000-0x000000003ffeffff] usable
[    0.000000] BIOS-e820: [mem 0x000000003fff0000-0x000000003fffffff] ACPI data
[    0.000000] BIOS-e820: [mem 0x00000000fec00000-0x00000000fec00fff] reserved
[    0.000000] BIOS-e820: [mem 0x00000000fee00000-0x00000000fee00fff] reserved
[    0.000000] BIOS-e820: [mem 0x00000000fffc0000-0x00000000ffffffff] reserved
[    0.000000] NX (Execute Disable) protection: active
[    0.000000] SMBIOS 2.5 present.
[    0.000000] DMI: innotek GmbH VirtualBox/VirtualBox, BIOS VirtualBox 12/01/2006
[    0.000000] Hypervisor detected: KVM
[    0.000000] e820: last_pfn = 0x3fff0 max_arch_pfn = 0x400000000
[    0.000000] x86/PAT: Configuration [0-7]: WB  WC  UC- UC  WB  WP  UC- WT  
[    0.000000] found SMP MP-table at [mem 0x0009fbf0-0x0009fbff]
[    0.000000] Scanning 1 areas for low memory corruption
[    0.000000] RAMDISK: [mem 0x359cb000-0x36cdcfff]
[    0.000000] ACPI: Early table checksum verification disabled
[    0.000000] ACPI: RSDP 0x00000000000E0000 000024 (v02 VBOX  )
[    0.000000] ACPI: XSDT 0x000000003FFF0030 00003C (v01 VBOX   VBOXXSDT 00000001 ASL  00000061)
[    0.000000] ACPI: FACP 0x000000003FFF00F0 0000F4 (v04 VBOX   VBOXFACP 00000001 ASL  00000061)
[    0.000000] ACPI: DSDT 0x000000003FFF0610 002353 (v02 VBOX   VBOXBIOS 00000002 INTL 20100528)
[    0.000000] ACPI: FACS 0x000000003FFF0200 000040
[    0.000000] ACPI: FACS 0x000000003FFF0200 000040
[    0.000000] ACPI: APIC 0x000000003FFF0240 00005C (v02 VBOX   VBOXAPIC 00000001 ASL  00000061)
[    0.000000] ACPI: SSDT 0x000000003FFF02A0 00036C (v01 VBOX   VBOXCPUT 00000002 INTL 20100528)
[    0.000000] ACPI: Reserving FACP table memory at [mem 0x3fff00f0-0x3fff01e3]
[    0.000000] ACPI: Reserving DSDT table memory at [mem 0x3fff0610-0x3fff2962]
[    0.000000] ACPI: Reserving FACS table memory at [mem 0x3fff0200-0x3fff023f]
[    0.000000] ACPI: Reserving FACS table memory at [mem 0x3fff0200-0x3fff023f]
[    0.000000] ACPI: Reserving APIC table memory at [mem 0x3fff0240-0x3fff029b]
[    0.000000] ACPI: Reserving SSDT table memory at [mem 0x3fff02a0-0x3fff060b]
[    0.000000] No NUMA configuration found
[    0.000000] Faking a node at [mem 0x0000000000000000-0x000000003ffeffff]
[    0.000000] NODE_DATA(0) allocated [mem 0x3ffc5000-0x3ffeffff]
[    0.000000] kvm-clock: cpu 0, msr 0:3ff44001, primary cpu clock
[    0.000000] kvm-clock: Using msrs 4b564d01 and 4b564d00
[    0.000000] kvm-clock: using sched offset of 5283217088 cycles
[    0.000000] clocksource: kvm-clock: mask: 0xffffffffffffffff max_cycles: 0x1cd42e4dffb, max_idle_ns: 881590591483 ns
[    0.000000] Zone ranges:
[    0.000000]   DMA      [mem 0x0000000000001000-0x0000000000ffffff]
[    0.000000]   DMA32    [mem 0x0000000001000000-0x000000003ffeffff]
[    0.000000]   Normal   empty
[    0.000000]   Device   empty
[    0.000000] Movable zone start for each node
[    0.000000] Early memory node ranges
[    0.000000]   node   0: [mem 0x0000000000001000-0x000000000009efff]
[    0.000000]   node   0: [mem 0x0000000000100000-0x000000003ffeffff]
[    0.000000] Reserved but unavailable: 104 pages
[    0.000000] Initmem setup node 0 [mem 0x0000000000001000-0x000000003ffeffff]
[    0.000000] ACPI: PM-Timer IO Port: 0x4008
[    0.000000] IOAPIC[0]: apic_id 2, version 32, address 0xfec00000, GSI 0-23
[    0.000000] ACPI: INT_SRC_OVR (bus 0 bus_irq 0 global_irq 2 dfl dfl)
[    0.000000] ACPI: INT_SRC_OVR (bus 0 bus_irq 9 global_irq 9 low level)
[    0.000000] Using ACPI (MADT) for SMP configuration information
[    0.000000] smpboot: Allowing 2 CPUs, 0 hotplug CPUs
[    0.000000] PM: Registered nosave memory: [mem 0x00000000-0x00000fff]
[    0.000000] PM: Registered nosave memory: [mem 0x0009f000-0x0009ffff]
[    0.000000] PM: Registered nosave memory: [mem 0x000a0000-0x000effff]
[    0.000000] PM: Registered nosave memory: [mem 0x000f0000-0x000fffff]
[    0.000000] e820: [mem 0x40000000-0xfebfffff] available for PCI devices
[    0.000000] Booting paravirtualized kernel on KVM
[    0.000000] clocksource: refined-jiffies: mask: 0xffffffff max_cycles: 0xffffffff, max_idle_ns: 7645519600211568 ns
[    0.000000] setup_percpu: NR_CPUS:8192 nr_cpumask_bits:2 nr_cpu_ids:2 nr_node_ids:1
[    0.000000] percpu: Embedded 50 pages/cpu s167936 r8192 d28672 u1048576
[    0.000000] PV qspinlock hash table entries: 256 (order: 0, 4096 bytes)
[    0.000000] Built 1 zonelists, mobility grouping on.  Total pages: 257913
[    0.000000] Policy zone: DMA32
[    0.000000] Kernel command line: BOOT_IMAGE=/boot/vmlinuz-4.15.0-212-generic root=LABEL=cloudimg-rootfs ro console=tty1 console=ttyS0
[    0.000000] Memory: 982644K/1048120K available (12300K kernel code, 2477K rwdata, 4324K rodata, 2480K init, 2720K bss, 65476K reserved, 0K cma-reserved)
[    0.000000] SLUB: HWalign=64, Order=0-3, MinObjects=0, CPUs=2, Nodes=1
[    0.000000] Kernel/User page tables isolation: enabled
[    0.000000] ftrace: allocating 39508 entries in 155 pages
[    0.004000] Hierarchical RCU implementation.
[    0.004000] 	RCU restricting CPUs from NR_CPUS=8192 to nr_cpu_ids=2.
[    0.004000] 	Tasks RCU enabled.
[    0.004000] RCU: Adjusting geometry for rcu_fanout_leaf=16, nr_cpu_ids=2
[    0.004000] NR_IRQS: 524544, nr_irqs: 440, preallocated irqs: 16
[    0.004000] random: crng init done
[    0.004000] Console: colour VGA+ 80x25
[    0.004000] console [tty1] enabled
[    0.004000] console [ttyS0] enabled
[    0.004000] ACPI: Core revision 20170831
[    0.004000] ACPI: 2 ACPI AML tables successfully acquired and loaded
[    0.004000] APIC: Switch to symmetric I/O mode setup
[    0.005608] x2apic enabled
[    0.008044] Switched APIC routing to physical x2apic.
[    0.016000] ..TIMER: vector=0x30 apic1=0 pin1=2 apic2=-1 pin2=-1
[    0.016018] tsc: Detected 1439.954 MHz processor
[    0.020040] Calibrating delay loop (skipped) preset value.. 2879.90 BogoMIPS (lpj=5759816)
[    0.024024] pid_max: default: 32768 minimum: 301
[    0.028153] Security Framework initialized
[    0.032012] Yama: becoming mindful.
[    0.036086] AppArmor: AppArmor initialized
[    0.044171] Dentry cache hash table entries: 131072 (order: 8, 1048576 bytes)
[    0.048396] Inode-cache hash table entries: 65536 (order: 7, 524288 bytes)
[    0.052109] Mount-cache hash table entries: 2048 (order: 2, 16384 bytes)
[    0.056065] Mountpoint-cache hash table entries: 2048 (order: 2, 16384 bytes)
[    0.061068] Last level iTLB entries: 4KB 48, 2MB 0, 4MB 0
[    0.064024] Last level dTLB entries: 4KB 256, 2MB 16, 4MB 16, 1GB 0
[    0.068024] Spectre V1 : Mitigation: usercopy/swapgs barriers and __user pointer sanitization
[    0.072026] Spectre V2 : Mitigation: Retpolines
[    0.076021] Spectre V2 : Spectre v2 / SpectreRSB mitigation: Filling RSB on context switch
[    0.080020] Spectre V2 : Spectre v2 / SpectreRSB : Filling RSB on VMEXIT
[    0.084197] MDS: Vulnerable: Clear CPU buffers attempted, no microcode
[    0.088018] MMIO Stale Data: Unknown: No mitigations
[    0.092662] Freeing SMP alternatives memory: 36K
[    0.212000] smpboot: CPU0: Intel(R) Atom(TM) x5-Z8350  CPU @ 1.44GHz (family: 0x6, model: 0x4c, stepping: 0x4)
[    0.212530] Performance Events: unsupported p6 CPU model 76 no PMU driver, software events only.
[    0.216311] Hierarchical SRCU implementation.
[    0.225130] NMI watchdog: Perf event create on CPU 0 failed with -2
[    0.232009] NMI watchdog: Perf NMI watchdog permanently disabled
[    0.236312] smp: Bringing up secondary CPUs ...
[    0.240687] x86: Booting SMP configuration:
[    0.244032] .... node  #0, CPUs:      #1
[    0.004000] kvm-clock: cpu 1, msr 0:3ff44041, secondary cpu clock
[    0.256125] smp: Brought up 1 node, 2 CPUs
[    0.260041] smpboot: Max logical packages: 1
[    0.264036] smpboot: Total of 2 processors activated (5759.81 BogoMIPS)
[    0.272307] devtmpfs: initialized
[    0.276219] x86/mm: Memory block size: 128MB
[    0.280708] evm: security.selinux
[    0.284024] evm: security.SMACK64
[    0.288024] evm: security.SMACK64EXEC
[    0.296016] evm: security.SMACK64TRANSMUTE
[    0.300000] evm: security.SMACK64MMAP
[    0.300026] evm: security.apparmor
[    0.304025] evm: security.ima
[    0.308024] evm: security.capability
[    0.316494] clocksource: jiffies: mask: 0xffffffff max_cycles: 0xffffffff, max_idle_ns: 7645041785100000 ns
[    0.320077] futex hash table entries: 512 (order: 3, 32768 bytes)
[    0.324368] pinctrl core: initialized pinctrl subsystem
[    0.332615] RTC time: 14:56:22, date: 04/14/25
[    0.337044] NET: Registered protocol family 16
[    0.340348] audit: initializing netlink subsys (disabled)
[    0.348111] audit: type=2000 audit(1744642588.878:1): state=initialized audit_enabled=0 res=1
[    0.360061] cpuidle: using governor ladder
[    0.364076] cpuidle: using governor menu
[    0.368221] ACPI: bus type PCI registered
[    0.372027] acpiphp: ACPI Hot Plug PCI Controller Driver version: 0.5
[    0.376527] PCI: Using configuration type 1 for base access
[    0.388529] HugeTLB registered 2.00 MiB page size, pre-allocated 0 pages
[    0.392406] ACPI: Added _OSI(Module Device)
[    0.396065] ACPI: Added _OSI(Processor Device)
[    0.400057] ACPI: Added _OSI(3.0 _SCP Extensions)
[    0.404137] ACPI: Added _OSI(Processor Aggregator Device)
[    0.408033] ACPI: Added _OSI(Linux-Dell-Video)
[    0.412027] ACPI: Added _OSI(Linux-Lenovo-NV-HDMI-Audio)
[    0.416038] ACPI: Added _OSI(Linux-HPI-Hybrid-Graphics)
[    0.425408] ACPI: Executed 1 blocks of module-level executable AML code
[    0.444391] ACPI: Interpreter enabled
[    0.448109] ACPI: (supports S0 S5)
[    0.452030] ACPI: Using IOAPIC for interrupt routing
[    0.460836] PCI: Using host bridge windows from ACPI; if necessary, use "pci=nocrs" and report a bug
[    0.468709] ACPI: Enabled 2 GPEs in block 00 to 07
[    0.505757] ACPI: PCI Root Bridge [PCI0] (domain 0000 [bus 00-ff])
[    0.512032] acpi PNP0A03:00: _OSC: OS supports [ASPM ClockPM Segments MSI]
[    0.521651] acpi PNP0A03:00: _OSC: not requesting OS control; OS requires [ExtendedConfig ASPM ClockPM MSI]
[    0.524075] acpi PNP0A03:00: fail to add MMCONFIG information, can't access extended PCI configuration space under this bridge.
[    0.532508] PCI host bridge to bus 0000:00
[    0.536022] pci_bus 0000:00: root bus resource [io  0x0000-0x0cf7 window]
[    0.540037] pci_bus 0000:00: root bus resource [io  0x0d00-0xffff window]
[    0.544029] pci_bus 0000:00: root bus resource [mem 0x000a0000-0x000bffff window]
[    0.548019] pci_bus 0000:00: root bus resource [mem 0x40000000-0xfdffffff window]
[    0.552020] pci_bus 0000:00: root bus resource [bus 00-ff]
[    0.566039] pci 0000:00:01.1: legacy IDE quirk: reg 0x10: [io  0x01f0-0x01f7]
[    0.568016] pci 0000:00:01.1: legacy IDE quirk: reg 0x14: [io  0x03f6]
[    0.572019] pci 0000:00:01.1: legacy IDE quirk: reg 0x18: [io  0x0170-0x0177]
[    0.576026] pci 0000:00:01.1: legacy IDE quirk: reg 0x1c: [io  0x0376]
[    0.678824] pci 0000:00:07.0: quirk: [io  0x4000-0x403f] claimed by PIIX4 ACPI
[    0.680088] pci 0000:00:07.0: quirk: [io  0x4100-0x410f] claimed by PIIX4 SMB
[    0.722062] ACPI: PCI Interrupt Link [LNKA] (IRQs 5 9 10 *11)
[    0.730170] ACPI: PCI Interrupt Link [LNKB] (IRQs 5 9 *10 11)
[    0.732767] ACPI: PCI Interrupt Link [LNKC] (IRQs 5 *9 10 11)
[    0.736710] ACPI: PCI Interrupt Link [LNKD] (IRQs 5 9 10 *11)
[    0.741829] SCSI subsystem initialized
[    0.744235] pci 0000:00:02.0: vgaarb: setting as boot VGA device
[    0.748000] pci 0000:00:02.0: vgaarb: VGA device added: decodes=io+mem,owns=io+mem,locks=none
[    0.748039] pci 0000:00:02.0: vgaarb: bridge control possible
[    0.752024] vgaarb: loaded
[    0.756237] ACPI: bus type USB registered
[    0.760131] usbcore: registered new interface driver usbfs
[    0.764115] usbcore: registered new interface driver hub
[    0.768081] usbcore: registered new device driver usb
[    0.772393] EDAC MC: Ver: 3.0.0
[    0.780266] PCI: Using ACPI for IRQ routing
[    0.785341] NetLabel: Initializing
[    0.788014] NetLabel:  domain hash size = 128
[    0.792008] NetLabel:  protocols = UNLABELED CIPSOv4 CALIPSO
[    0.796068] NetLabel:  unlabeled traffic allowed by default
[    0.800317] clocksource: Switched to clocksource kvm-clock
[    0.846642] VFS: Disk quotas dquot_6.6.0
[    0.850697] VFS: Dquot-cache hash table entries: 512 (order 0, 4096 bytes)
[    0.857701] AppArmor: AppArmor Filesystem Enabled
[    0.862409] pnp: PnP ACPI init
[    0.870667] pnp: PnP ACPI: found 3 devices
[    0.895677] clocksource: acpi_pm: mask: 0xffffff max_cycles: 0xffffff, max_idle_ns: 2085701024 ns
[    0.904211] NET: Registered protocol family 2
[    0.908577] IP idents hash table entries: 16384 (order: 5, 131072 bytes)
[    0.917229] TCP established hash table entries: 8192 (order: 4, 65536 bytes)
[    0.924798] TCP bind hash table entries: 8192 (order: 5, 131072 bytes)
[    0.930808] TCP: Hash tables configured (established 8192 bind 8192)
[    0.936719] UDP hash table entries: 512 (order: 2, 16384 bytes)
[    0.942165] UDP-Lite hash table entries: 512 (order: 2, 16384 bytes)
[    0.948667] NET: Registered protocol family 1
[    0.953041] pci 0000:00:00.0: Limiting direct PCI/PCI transfers
[    0.958882] pci 0000:00:01.0: Activating ISA DMA hang workarounds
[    0.964930] pci 0000:00:02.0: Video device with shadowed ROM at [mem 0x000c0000-0x000dffff]
[    0.972955] Unpacking initramfs...
[    1.815497] Freeing initrd memory: 19528K
[    1.819996] clocksource: tsc: mask: 0xffffffffffffffff max_cycles: 0x14c18f67c3a, max_idle_ns: 440795268761 ns
[    1.829401] platform rtc_cmos: registered platform RTC device (no PNP device found)
[    1.837245] Scanning for low memory corruption every 60 seconds
[    1.845581] Initialise system trusted keyrings
[    1.850044] Key type blacklist registered
[    1.854272] workingset: timestamp_bits=36 max_order=18 bucket_order=0
[    1.863546] zbud: loaded
[    1.867958] squashfs: version 4.0 (2009/01/31) Phillip Lougher
[    1.874441] fuse init (API version 7.26)
[    1.891466] Key type asymmetric registered
[    1.895753] Asymmetric key parser 'x509' registered
[    1.900966] Block layer SCSI generic (bsg) driver version 0.4 loaded (major 246)
[    1.908136] io scheduler noop registered
[    1.911813] io scheduler deadline registered
[    1.916297] io scheduler cfq registered (default)
[    1.921947] ACPI: AC Adapter [AC] (on-line)
[    1.926514] input: Power Button as /devices/LNXSYSTM:00/LNXPWRBN:00/input/input0
[    1.933656] ACPI: Power Button [PWRF]
[    1.937727] input: Sleep Button as /devices/LNXSYSTM:00/LNXSLPBN:00/input/input1
[    1.945365] ACPI: Sleep Button [SLPF]
[    1.952332] Serial: 8250/16550 driver, 32 ports, IRQ sharing enabled
[    1.954377] ACPI: Battery Slot [BAT0] (battery present)
[    1.988073] 00:02: ttyS0 at I/O 0x3f8 (irq = 4, base_baud = 115200) is a 16550A
[    2.007522] Linux agpgart interface v0.103
[    2.017498] loop: module loaded
[    2.023527] scsi host0: ata_piix
[    2.027534] scsi host1: ata_piix
[    2.031080] ata1: PATA max UDMA/33 cmd 0x1f0 ctl 0x3f6 bmdma 0xd000 irq 14
[    2.037449] ata2: PATA max UDMA/33 cmd 0x170 ctl 0x376 bmdma 0xd008 irq 15
[    2.044225] tun: Universal TUN/TAP device driver, 1.6
[    2.050474] PPP generic driver version 2.4.2
[    2.055492] ehci_hcd: USB 2.0 'Enhanced' Host Controller (EHCI) Driver
[    2.062113] ehci-pci: EHCI PCI platform driver
[    2.066638] ehci-platform: EHCI generic platform driver
[    2.071919] ohci_hcd: USB 1.1 'Open' Host Controller (OHCI) Driver
[    2.077675] ohci-pci: OHCI PCI platform driver
[    2.082339] ohci-platform: OHCI generic platform driver
[    2.087588] uhci_hcd: USB Universal Host Controller Interface driver
[    2.093870] i8042: PNP: PS/2 Controller [PNP0303:PS2K,PNP0f03:PS2M] at 0x60,0x64 irq 1,12
[    2.104071] serio: i8042 KBD port at 0x60,0x64 irq 1
[    2.108995] serio: i8042 AUX port at 0x60,0x64 irq 12
[    2.114424] mousedev: PS/2 mouse device common for all mice
[    2.122666] input: AT Translated Set 2 keyboard as /devices/platform/i8042/serio0/input/input2
[    2.131054] rtc_cmos rtc_cmos: rtc core: registered rtc_cmos as rtc0
[    2.137695] rtc_cmos rtc_cmos: alarms up to one day, 114 bytes nvram
[    2.143896] i2c /dev entries driver
[    2.147889] device-mapper: uevent: version 1.0.3
[    2.153124] device-mapper: ioctl: 4.37.0-ioctl (2017-09-20) initialised: dm-devel@redhat.com
[    2.162662] ledtrig-cpu: registered to indicate activity on CPUs
[    2.170894] NET: Registered protocol family 10
[    2.196833] Segment Routing with IPv6
[    2.200437] NET: Registered protocol family 17
[    2.212335] Key type dns_resolver registered
[    2.243193] mce: Using 0 MCE banks
[    2.246933] RAS: Correctable Errors collector initialized.
[    2.252316] sched_clock: Marking stable (2252119282, 0)->(3143562553, -891443271)
[    2.260843] registered taskstats version 1
[    2.266052] Loading compiled-in X.509 certificates
[    2.282893] Loaded X.509 cert 'Build time autogenerated kernel key: b5b26778eaa3ab3a4a6cee031137706e947d12ad'
[    2.294586] Loaded X.509 cert 'Canonical Ltd. Live Patch Signing: 14df34d1a87cf37625abec039ef2bf521249b969'
[    2.306448] Loaded X.509 cert 'Canonical Ltd. Kernel Module Signing: 88f752e560a1e0737e31163a466ad7b70a850c19'
[    2.315879] blacklist: Loading compiled-in revocation X.509 certificates
[    2.322389] Loaded X.509 cert 'Canonical Ltd. Secure Boot Signing: 61482aa2830d0ab2ad5af10b7250da9033ddcef0'
[    2.332620] Loaded X.509 cert 'Canonical Ltd. Secure Boot Signing (2017): 242ade75ac4a15e50d50c84b0d45ff3eae707a03'
[    2.342936] Loaded X.509 cert 'Canonical Ltd. Secure Boot Signing (ESM 2018): 365188c1d374d6b07c3c8f240f8ef722433d6a8b'
[    2.352992] Loaded X.509 cert 'Canonical Ltd. Secure Boot Signing (2019): c0746fd6c5da3ae827864651ad66ae47fe24b3e8'
[    2.363075] Loaded X.509 cert 'Canonical Ltd. Secure Boot Signing (2021 v1): a8d54bbb3825cfb94fa13c9f8a594a195c107b8d'
[    2.374599] Loaded X.509 cert 'Canonical Ltd. Secure Boot Signing (2021 v2): 4cf046892d6fd3c9a5b03f98d845f90851dc6a8c'
[    2.385119] Loaded X.509 cert 'Canonical Ltd. Secure Boot Signing (2021 v3): 100437bb6de6e469b581e61cd66bce3ef4ed53af'
[    2.397310] Loaded X.509 cert 'Canonical Ltd. Secure Boot Signing (Ubuntu Core 2019): c1d57b8f6b743f23ee41f4f7ee292f06eecadfb9'
[    2.408212] zswap: loaded using pool lzo/zbud
[    2.431890] Key type big_key registered
[    2.435710] Key type trusted registered
[    2.449171] Key type encrypted registered
[    2.453137] AppArmor: AppArmor sha1 policy hashing enabled
[    2.458249] ima: No TPM chip found, activating TPM-bypass! (rc=-19)
[    2.464137] ima: Allocated hash algorithm: sha1
[    2.469340] evm: HMAC attrs: 0x1
[    2.475454]   Magic number: 5:415:940
[    2.480254] rtc_cmos rtc_cmos: setting system clock to 2025-04-14 14:56:24 UTC (1744642584)
[    2.489013] BIOS EDD facility v0.16 2004-Jun-25, 0 devices found
[    2.494908] EDD information not available.
[    2.508555] Freeing unused kernel image memory: 2480K
[    2.528934] Write protecting the kernel read-only data: 20480k
[    2.537497] Freeing unused kernel image memory: 2008K
[    2.545567] Freeing unused kernel image memory: 1820K
[    2.580882] x86/mm: Checked W+X mappings: passed, no W+X pages found.
[    2.587185] x86/mm: Checking user space page tables
[    2.622354] x86/mm: Checked W+X mappings: passed, no W+X pages found.
Loading, please wait...
starting version 237
[    3.357465] e1000: Intel(R) PRO/1000 Network Driver - version 7.3.21-k8-NAPI
[    3.365803] e1000: Copyright (c) 1999-2006 Intel Corporation.
[    3.380379] Fusion MPT base driver 3.04.20
[    3.385167] Copyright (c) 1999-2008 LSI Corporation
[    3.414147] Fusion MPT SPI Host driver 3.04.20
[    3.535879] SSE version of gcm_enc/dec engaged.
[    3.614696] input: ImExPS/2 Generic Explorer Mouse as /devices/platform/i8042/serio1/input/input4
[    4.344068] e1000 0000:00:03.0 eth0: (PCI:33MHz:32-bit) 02:3b:7b:b7:3b:2d
[    4.351030] e1000 0000:00:03.0 eth0: Intel(R) PRO/1000 Network Connection
[    4.362265] mptbase: ioc0: Initiating bringup
[    4.365691] e1000 0000:00:03.0 enp0s3: renamed from eth0
[    4.481331] ioc0: LSI53C1030 A0: Capabilities={Initiator}
[    4.734840] scsi host2: ioc0: LSI53C1030 A0, FwRev=00000000h, Ports=1, MaxQ=256, IRQ=20
[    4.911170] scsi 2:0:0:0: Direct-Access     VBOX     HARDDISK         1.0  PQ: 0 ANSI: 5
[    4.972365] scsi target2:0:0: Beginning Domain Validation
[    5.003030] scsi target2:0:0: Domain Validation skipping write tests
[    5.017576] scsi target2:0:0: Ending Domain Validation
[    5.028482] scsi target2:0:0: asynchronous
[    5.038442] scsi 2:0:1:0: Direct-Access     VBOX     HARDDISK         1.0  PQ: 0 ANSI: 5
[    5.740430] scsi target2:0:1: Beginning Domain Validation
[    5.751090] scsi target2:0:1: Domain Validation skipping write tests
[    5.759955] scsi target2:0:1: Ending Domain Validation
[    5.767109] scsi target2:0:1: asynchronous
[    5.797469] sd 2:0:0:0: Attached scsi generic sg0 type 0
[    5.805070] sd 2:0:0:0: [sda] 83886080 512-byte logical blocks: (42.9 GB/40.0 GiB)
[    5.805340] sd 2:0:1:0: Attached scsi generic sg1 type 0
[    5.820815] sd 2:0:0:0: [sda] Write Protect is off
[    5.825934] sd 2:0:1:0: [sdb] 20480 512-byte logical blocks: (10.5 MB/10.0 MiB)
[    5.829143] sd 2:0:0:0: [sda] Incomplete mode parameter data
[    5.840426] sd 2:0:0:0: [sda] Assuming drive cache: write through
[    5.846983] sd 2:0:1:0: [sdb] Write Protect is off
[    5.851926]  sda: sda1
[    5.858295] sd 2:0:1:0: [sdb] Incomplete mode parameter data
[    5.861371] sd 2:0:0:0: [sda] Attached SCSI disk
[    5.867151] sd 2:0:1:0: [sdb] Assuming drive cache: write through
[    5.891676] sd 2:0:1:0: [sdb] Attached SCSI disk
Begin: Loading essential drivers ... [    9.468205] raid6: sse2x1   gen()  1339 MB/s
[    9.520152] raid6: sse2x1   xor()  1600 MB/s
[    9.568493] raid6: sse2x2   gen()   599 MB/s
[    9.620174] raid6: sse2x2   xor()  1742 MB/s
[    9.668509] raid6: sse2x4   gen()   596 MB/s
[    9.720280] raid6: sse2x4   xor()   735 MB/s
[    9.724581] raid6: using algorithm sse2x1 gen() 1339 MB/s
[    9.730065] raid6: .... xor() 1600 MB/s, rmw enabled
[    9.735119] raid6: using ssse3x2 recovery algorithm
[    9.747550] xor: measuring software checksum speed
[    9.792711]    prefetch64-sse:  4335.000 MB/sec
[    9.840191]    generic_sse:  4139.000 MB/sec
[    9.845210] xor: using function: prefetch64-sse (4335.000 MB/sec)
[    9.859454] async_tx: api initialized (async)
done.
Begin: Running /scripts/init-premount ... done.
Begin: Mounting root file system ... Begin: Running /scripts/local-top ... done.
Begin: Running /scripts/local-premount ... [   10.108280] Btrfs loaded, crc32c=crc32c-intel
Scanning for Btrfs filesystems
done.
Warning: fsck not present, so skipping root file system
[   10.251056] EXT4-fs (sda1): mounted filesystem with ordered data mode. Opts: (null)
done.
Begin: Running /scripts/local-bottom ... done.
Begin: Running /scripts/init-bottom ... done.
[   10.858261] ip_tables: (C) 2000-2006 Netfilter Core Team
[   10.909957] systemd[1]: systemd 237 running in system mode. (+PAM +AUDIT +SELINUX +IMA +APPARMOR +SMACK +SYSVINIT +UTMP +LIBCRYPTSETUP +GCRYPT +GNUTLS +ACL +XZ +LZ4 +SECCOMP +BLKID +ELFUTILS +KMOD -IDN2 +IDN -PCRE2 default-hierarchy=hybrid)
[   10.929184] systemd[1]: Detected virtualization oracle.
[   10.934425] systemd[1]: Detected architecture x86-64.

Welcome to [1mUbuntu 18.04.6 LTS[0m!

[   10.961867] systemd[1]: Set hostname to <ubuntu>.
[   10.975432] systemd[1]: Initializing machine ID from random generator.
[   10.981653] systemd[1]: Installed transient /etc/machine-id file.
[   12.144261] systemd[1]: Reached target System Time Synchronized.
[[0;32m  OK  [0m] Reached target System Time Synchronized.
[   12.155742] systemd[1]: Started Forward Password Requests to Wall Directory Watch.
[[0;32m  OK  [0m] Started Forward Password Requests to Wall Directory Watch.
[   12.169649] systemd[1]: Reached target Mounting snaps.
[[0;32m  OK  [0m] Reached target Mounting snaps.
[   12.179509] systemd[1]: Reached target User and Group Name Lookups.
[[0;32m  OK  [0m] Reached target User and Group Name Lookups.
[[0;32m  OK  [0m] Created slice System Slice.
[[0;32m  OK  [0m] Listening on LVM2 metadata daemon socket.
[[0;32m  OK  [0m] Listening on Journal Socket (/dev/log).
[[0;32m  OK  [0m] Listening on Journal Audit Socket.
[[0;32m  OK  [0m] Listening on /dev/initctl Compatibility Named Pipe.
[[0;32m  OK  [0m] Listening on Journal Socket.
         Starting Load Kernel Modules...
         Starting Uncomplicated firewall...
[[0;32m  OK  [0m] Listening on udev Control Socket.
         Mounting Kernel Debug File System...
         Mounting POSIX Message Queue File System...
[   12.321085] Loading iSCSI transport class v2.0-870.
         Starting Create list of required stâ€¦ce nodes for the current kernel...
         Mounting Huge Pages File System...
[[0;32m  OK  [0m] Listening on LVM2 poll daemon socket.
[[0;32m  OK  [0m] Reached target Mounted snaps.
         Starting Set the console keyboard layout...
[[0;32m  OK  [0m] Listening on Device-mapper event daemon FIFOs.
         Starting Monitoring of LVM2 mirrorsâ€¦ng dmeventd or progress polling...
[[0;32m  OK  [0m] Set up automount Arbitrary Executabâ€¦rmats File System Automount Point.
[[0;32m  OK  [0m] Listening on fsck to fsckd communication Socket.
         Starting File System Check on Root Device...
[[0;32m  OK  [0m] Listening on Network Service Netlink Socket.
[[0;32m  OK  [0m] Listening on Syslog Socket.
         Starting Journal Service...
[[0;32m  OK  [0m] Listening on udev Kernel Socket.[   12.455306] iscsi: registered transport (tcp)

         Starting udev Coldplug all Devices...
[[0;32m  OK  [0m] Created slice User and Session Slice.
[[0;32m  OK  [0m] Reached target Slices.
[[0;32m  OK  [0m] Reached target Swap.
[[0;32m  OK  [0m] Created slice system-serial\x2dgetty.slice.
[[0;32m  OK  [0m] Started Uncomplicated firewall.
[[0;32m  OK  [0m] Mounted Kernel Debug File System.
[[0;32m  OK  [0m] Mounted POSIX Message Queue File System.
[[0;32m  OK  [0m] Started Create list of required staâ€¦vice nodes for the current kernel.
[[0;32m  OK  [0m] Mounted Huge Pages File System.
[[0;32m  OK  [0m] Started File System Check Daemon to report status.
         Starting Create Static Device Nodes in /dev...
[[0;32m  OK  [0m] Started LVM2 metadata daemon.
[[0;32m  OK  [0m] Started File System Check on Root Device.
         Starting Remount Root and Kernel File Systems...
[   12.973056] EXT4-fs (sda1): re-mounted. Opts: (null)
[[0;32m  OK  [0m] Started Create Static Device Nodes in /dev.
[[0;32m  OK  [0m] Started Remount Root and Kernel File Systems.
[   13.033705] iscsi: registered transport (iser)
         Starting Load/Save Random Seed...
         Starting udev Kernel Device Manager...
[[0;32m  OK  [0m] Started Load Kernel Modules.
         Mounting FUSE Control File System...
         Mounting Kernel Configuration File System...
         Starting Apply Kernel Variables...
[[0;32m  OK  [0m] Started Monitoring of LVM2 mirrors,â€¦sing dmeventd or progress polling.
[[0;32m  OK  [0m] Mounted FUSE Control File System.
[[0;32m  OK  [0m] Mounted Kernel Configuration File System.
[[0;32m  OK  [0m] Started Load/Save Random Seed.
[[0;32m  OK  [0m] Started Apply Kernel Variables.
[[0;32m  OK  [0m] Started Journal Service.
         Starting Flush Journal to Persistent Storage...
[[0;32m  OK  [0m] Started udev Kernel Device Manager.
[[0;32m  OK  [0m] Started Flush Journal to Persistent Storage.
[[0;32m  OK  [0m] Started udev Coldplug all Devices.
[[0;32m  OK  [0m] Found device /dev/ttyS0.
[[0;32m  OK  [0m] Listening on Load/Save RF Kill Switch Status /dev/rfkill Watch.
         Mounting Arbitrary Executable File Formats File System...
[[0;32m  OK  [0m] Mounted Arbitrary Executable File Formats File System.
[[0;32m  OK  [0m] Started Set the console keyboard layout.
[[0;32m  OK  [0m] Reached target Local File Systems (Pre).
[[0;32m  OK  [0m] Reached target Local File Systems.
         Starting Commit a transient machine-id on disk...
         Starting Tell Plymouth To Write Out Runtime Data...
         Starting ebtables ruleset management...
         Starting Set console font and keymap...
         Starting Create Volatile Files and Directories...
         Starting AppArmor initialization...
[[0;32m  OK  [0m] Started Dispatch Password Requests to Console Directory Watch.
[[0;32m  OK  [0m] Reached target Local Encrypted Volumes.
[[0;32m  OK  [0m] Started Tell Plymouth To Write Out Runtime Data.
[[0;32m  OK  [0m] Started Commit a transient machine-id on disk.
[[0;32m  OK  [0m] Started Create Volatile Files and Directories.
         Starting Update UTMP about System Boot/Shutdown...
[[0;32m  OK  [0m] Started ebtables ruleset management.
[[0;32m  OK  [0m] Started Update UTMP about System Boot/Shutdown.
[[0;32m  OK  [0m] Started AppArmor initialization.
         Starting Load AppArmor profiles managed internally by snapd...
         Starting Initial cloud-init job (pre-networking)...
[[0;32m  OK  [0m] Started Load AppArmor profiles managed internally by snapd.
[[0;32m  OK  [0m] Started Set console font and keymap.
[   32.635581] cloud-init[772]: Cloud-init v. 23.1.2-0ubuntu0~18.04.1 running 'init-local' at Mon, 14 Apr 2025 14:56:52 +0000. Up 30.77 seconds.
[[0;32m  OK  [0m] Started Initial cloud-init job (pre-networking).
[[0;32m  OK  [0m] Reached target Network (Pre).
         Starting Network Service...
[[0;32m  OK  [0m] Started Network Service.
         Starting Wait for Network to be Configured...
         Starting Network Name Resolution...
[[0;32m  OK  [0m] Started Network Name Resolution.
[[0;32m  OK  [0m] Reached target Host and Network Name Lookups.
[[0;32m  OK  [0m] Reached target Network.
[[0;32m  OK  [0m] Started Wait for Network to be Configured.
         Starting Initial cloud-init job (metadata service crawler)...
[   40.361877] cloud-init[877]: Cloud-init v. 23.1.2-0ubuntu0~18.04.1 running 'init' at Mon, 14 Apr 2025 14:57:01 +0000. Up 39.08 seconds.
[   40.377033] cloud-init[877]: ci-info: ++++++++++++++++++++++++++++++++++++++Net device info++++++++++++++++++++++++++++++++++++++
[   40.385589] cloud-init[877]: ci-info: +--------+------+----------------------------+---------------+--------+-------------------+
[   40.396273] cloud-init[877]: ci-info: | Device |  Up  |          Address           |      Mask     | Scope  |     Hw-Address    |
[   40.410583] cloud-init[877]: ci-info: +--------+------+----------------------------+---------------+--------+-------------------+
[   40.420705] cloud-init[877]: ci-info: | enp0s3 | True |         10.0.2.15          | 255.255.255.0 | global | 02:3b:7b:b7:3b:2d |
[   40.430702] cloud-init[877]: ci-info: | enp0s3 | True | fd00::3b:7bff:feb7:3b2d/64 |       .       | global | 02:3b:7b:b7:3b:2d |
[   40.441170] cloud-init[877]: ci-info: | enp0s3 | True | fe80::3b:7bff:feb7:3b2d/64 |       .       |  link  | 02:3b:7b:b7:3b:2d |
[   40.450637] cloud-init[877]: ci-info: |   lo   | True |         127.0.0.1          |   255.0.0.0   |  host  |         .         |
[   40.461543] cloud-init[877]: ci-info: |   lo   | True |          ::1/128           |       .       |  host  |         .         |
[   40.473063] cloud-init[877]: ci-info: +--------+------+----------------------------+---------------+--------+-------------------+
[   40.487540] cloud-init[877]: ci-info: ++++++++++++++++++++++++++++Route IPv4 info+++++++++++++++++++++++++++++
[   40.497405] cloud-init[877]: ci-info: +-------+-------------+----------+-----------------+-----------+-------+
[   40.507706] cloud-init[877]: ci-info: | Route | Destination | Gateway  |     Genmask     | Interface | Flags |
[   40.529670] cloud-init[877]: ci-info: +-------+-------------+----------+-----------------+-----------+-------+
[   40.541285] cloud-init[877]: ci-info: |   0   |   0.0.0.0   | 10.0.2.2 |     0.0.0.0     |   enp0s3  |   UG  |
[   40.560704] cloud-init[877]: ci-info: |   1   |   10.0.2.0  | 0.0.0.0  |  255.255.255.0  |   enp0s3  |   U   |
[   40.568708] cloud-init[877]: ci-info: |   2   |   10.0.2.2  | 0.0.0.0  | 255.255.255.255 |   enp0s3  |   UH  |
[   40.577857] cloud-init[877]: ci-info: +-------+-------------+----------+-----------------+-----------+-------+
[   40.586035] cloud-init[877]: ci-info: +++++++++++++++++++Route IPv6 info+++++++++++++++++++
[   40.593707] cloud-init[877]: ci-info: +-------+-------------+---------+-----------+-------+
[   40.600014] cloud-init[877]: ci-info: | Route | Destination | Gateway | Interface | Flags |
[   40.605971] cloud-init[877]: ci-info: +-------+-------------+---------+-----------+-------+
[   40.612559] cloud-init[877]: ci-info: |   1   |  fd00::/64  |    ::   |   enp0s3  |   U   |
[   40.618850] cloud-init[877]: ci-info: |   2   |  fe80::/64  |    ::   |   enp0s3  |   U   |
[   40.625045] cloud-init[877]: ci-info: |   3   |     ::/0    | fe80::2 |   enp0s3  |   UG  |
[   40.632188] cloud-init[877]: ci-info: |   5   |    local    |    ::   |   enp0s3  |   U   |
[   40.638413] cloud-init[877]: ci-info: |   6   |    local    |    ::   |   enp0s3  |   U   |
[   40.645686] cloud-init[877]: ci-info: |   7   |   ff00::/8  |    ::   |   enp0s3  |   U   |
[   40.652601] cloud-init[877]: ci-info: +-------+-------------+---------+-----------+-------+
[   43.569053] cloud-init[877]: Generating public/private rsa key pair.
[   43.575568] cloud-init[877]: Your identification has been saved in /etc/ssh/ssh_host_rsa_key.
[   43.587838] cloud-init[877]: Your public key has been saved in /etc/ssh/ssh_host_rsa_key.pub.
[   43.597088] cloud-init[877]: The key fingerprint is:
[   43.601900] cloud-init[877]: SHA256:NahKktJdTuRycM246Fihj06v/4fYarR7rBd4BXn2B7U root@ubuntu-bionic
[   43.610400] cloud-init[877]: The key's randomart image is:
[   43.615074] cloud-init[877]: +---[RSA 2048]----+
[   43.619806] cloud-init[877]: |    . o=   ..    |
[   43.624821] cloud-init[877]: |    .=+ =..  .   |
[   43.630366] cloud-init[877]: |   ..o==..o.E    |
[   43.645483] cloud-init[877]: | ..oo*.......    |
[   43.650008] cloud-init[877]: |. +*o.o.S  .     |
[   43.655124] cloud-init[877]: | .+o=.o          |
[   43.663404] cloud-init[877]: | o o.* o         |
[   43.669355] cloud-init[877]: |  . = * .        |
[   43.674254] cloud-init[877]: |  .+=B..         |
[   43.678963] cloud-init[877]: +----[SHA256]-----+
[   43.694299] cloud-init[877]: Generating public/private dsa key pair.
[   43.702136] cloud-init[877]: Your identification has been saved in /etc/ssh/ssh_host_dsa_key.
[   43.710009] cloud-init[877]: Your public key has been saved in /etc/ssh/ssh_host_dsa_key.pub.
[   43.717759] cloud-init[877]: The key fingerprint is:
[   43.722927] cloud-init[877]: SHA256:SUfRb0pAklcn4Zls36i/Zqb4vtu+LE9z9RctdfLEl+A root@ubuntu-bionic
[   43.740793] cloud-init[877]: The key's randomart image is:
[   43.748647] cloud-init[877]: +---[DSA 1024]----+
[   43.754119] cloud-init[877]: |        .o+++o.  |
[   43.760829] cloud-init[877]: |        .oooo=...|
[   43.767968] cloud-init[877]: |        ....*E..*|
[   43.773885] cloud-init[877]: |       . o ...oB+|
[   43.783404] cloud-init[877]: |        S  . o+.=|
[   43.787459] cloud-init[877]: |            .. .+|
[   43.793578] cloud-init[877]: |            . o +|
[   43.798706] cloud-init[877]: |           ..=+o.|
[   43.805653] cloud-init[877]: |          .o*@Oo |
[   43.811460] cloud-init[877]: +----[SHA256]-----+
[   43.829539] cloud-init[877]: Generating public/private ecdsa key pair.
[   43.837207] cloud-init[877]: Your identification has been saved in /etc/ssh/ssh_host_ecdsa_key.
[   43.844730] cloud-init[877]: Your public key has been saved in /etc/ssh/ssh_host_ecdsa_key.pub.
[   43.851533] cloud-init[877]: The key fingerprint is:
[   43.857155] cloud-init[877]: SHA256:FGnZVgEweZGcjn59MZm+76glJUaLTdDHizj8Y8JBjic root@ubuntu-bionic
[   43.868553] cloud-init[877]: The key's randomart image is:
[   43.878044] cloud-init[877]: +---[ECDSA 256]---+
[   43.893089] cloud-init[877]: |        +B+Boo   |
[   43.899180] cloud-init[877]: |        =oO.. o  |
[   43.913355] cloud-init[877]: |       ..X .oo + |
[   43.929107] cloud-init[877]: |       .E O=..*  |
[   43.937509] cloud-init[877]: |       .S+.==..o |
[   43.941259] cloud-init[877]: |        . +.=oo  |
[   43.948328] cloud-init[877]: |         . o.o.. |
[   43.953397] cloud-init[877]: |             o.. |
[   43.969239] cloud-init[877]: |            ...oo|
[   43.984815] cloud-init[877]: +----[SHA256]-----+
[   43.989146] cloud-init[877]: Generating public/private ed25519 key pair.
[   43.995368] cloud-init[877]: Your identification has been saved in /etc/ssh/ssh_host_ed25519_key.
[   44.005101] cloud-init[877]: Your public key has been saved in /etc/ssh/ssh_host_ed25519_key.pub.
[   44.026370] cloud-init[877]: The key fingerprint is:
[   44.045384] cloud-init[877]: SHA256:vUtDA/uZvIbccP10iGSqPAbo1HxuUwTPx1XVKgor8gI root@ubuntu-bionic
[   44.052667] cloud-init[877]: The key's randomart image is:
[   44.058252] cloud-init[877]: +--[ED25519 256]--+
[   44.063697] cloud-init[877]: |               .=|
[   44.070463] cloud-init[877]: |        .     . .|
[   44.080972] cloud-init[877]: |        .+ . . . |
[   44.087621] cloud-init[877]: |        .++ * .  |
[   44.092047] cloud-init[877]: |     +  S++B o . |
[   44.097309] cloud-init[877]: |  E + = ++==o o .|
[   44.101752] cloud-init[877]: |   + o B BO  o . |
[   44.106856] cloud-init[877]: |    o . @.o+  .  |
[   44.113078] cloud-init[877]: |     . o +o      |
[   44.129141] cloud-init[877]: +----[SHA256]-----+
[[0;32m  OK  [0m] Started Initial cloud-init job (metadata service crawler).
[[0;32m  OK  [0m] Reached target Cloud-config availability.
[[0;32m  OK  [0m] Reached target Network is Online.
[[0;32m  OK  [0m] Reached target Remote File Systems (Pre).
[[0;32m  OK  [0m] Reached target Remote File Systems.
         Starting Availability of block devices...
[[0;32m  OK  [0m] Reached target System Initialization.
[[0;32m  OK  [0m] Listening on ACPID Listen Socket.
         Starting LXD - unix socket.
[[0;32m  OK  [0m] Listening on UUID daemon activation socket.
[[0;32m  OK  [0m] Started Message of the Day.
[[0;32m  OK  [0m] Started Discard unused blocks once a week.
[[0;32m  OK  [0m] Listening on cloud-init hotplug hook socket.
[[0;32m  OK  [0m] Started Daily apt download activities.
[[0;32m  OK  [0m] Started Daily apt upgrade and clean activities.
         Starting Socket activation for snappy daemon.
[[0;32m  OK  [0m] Started Daily Cleanup of Temporary Directories.
[[0;32m  OK  [0m] Listening on D-Bus System Message Bus Socket.
[[0;32m  OK  [0m] Started ACPI Events Check.
[[0;32m  OK  [0m] Reached target Paths.
[[0;32m  OK  [0m] Listening on Open-iSCSI iscsid Socket.
[[0;32m  OK  [0m] Started Ubuntu Advantage Timer for running repeated jobs.
[[0;32m  OK  [0m] Reached target Timers.
[[0;32m  OK  [0m] Started Availability of block devices.
[[0;32m  OK  [0m] Listening on LXD - unix socket.
[[0;32m  OK  [0m] Listening on Socket activation for snappy daemon.
[[0;32m  OK  [0m] Reached target Sockets.
[[0;32m  OK  [0m] Reached target Basic System.
         Starting Accounts Service...
[[0;32m  OK  [0m] Started irqbalance daemon.
         Starting Dispatcher daemon for systemd-networkd...
         Starting LSB: Record successful boot for GRUB...
[[0;32m  OK  [0m] Reached target Login Prompts (Pre).
         Starting Snap Daemon...
         Starting Virtualbox guest utils...
[[0;32m  OK  [0m] Started Deferred execution scheduler.
[[0;32m  OK  [0m] Started FUSE filesystem for LXC.
         Starting Pollinate to seed the pseudo random number generator...
[[0;32m  OK  [0m] Started Regular background program processing daemon.
         Starting System Logging Service...
[[0;32m  OK  [0m] Started D-Bus System Message Bus.
         Starting LSB: automatic crash report generation...
         Starting Login Service...
         Starting Permit User Sessions...
         Starting LXD - container startup/shutdown...
[[0;32m  OK  [0m] Started System Logging Service.
[[0;32m  OK  [0m] Started Permit User Sessions.
         Starting Hold until boot process finishes up...
         Starting Terminate Plymouth Boot Screen...
         Starting Hostname Service...
[[0;32m  OK  [0m] Started Hold until boot process finishes up.
[[0;32m  OK  [0m] Started Terminate Plymouth Boot Screen.
         Starting Authorization Manager...
         Starting Set console scheme...
[[0;32m  OK  [0m] Started Serial Getty on ttyS0.
[[0;32m  OK  [0m] Started Set console scheme.
[[0;32m  OK  [0m] Created slice system-getty.slice.
[[0;32m  OK  [0m] Started Getty on tty1.
[[0;32m  OK  [0m] Reached target Login Prompts.
[[0;32m  OK  [0m] Started LSB: Record successful boot for GRUB.
[[0;32m  OK  [0m] Started Login Service.
[[0;32m  OK  [0m] Started Unattended Upgrades Shutdown.
[[0;32m  OK  [0m] Started LSB: automatic crash report generation.
[[0;32m  OK  [0m] Started Hostname Service.
[[0;32m  OK  [0m] Started Authorization Manager.
[[0;32m  OK  [0m] Started Accounts Service.
[[0;32m  OK  [0m] Started Virtualbox guest utils.
[[0;32m  OK  [0m] Started LXD - container startup/shutdown.
[[0;32m  OK  [0m] Started Dispatcher daemon for systemd-networkd.
[[0;32m  OK  [0m] Started Pollinate to seed the pseudo random number generator.
[[0;32m  OK  [0m] Started Snap Daemon.
         Starting Wait until snapd is fully seeded...
         Starting OpenBSD Secure Shell server...
[[0;32m  OK  [0m] Started OpenBSD Secure Shell server.
[[0;32m  OK  [0m] Created slice User Slice of vagrant.
[[0;32m  OK  [0m] Started Session 1 of user vagrant.
         Starting User Manager for UID 1000...
[[0;32m  OK  [0m] Started User Manager for UID 1000.

Ubuntu 18.04.6 LTS ubuntu-bionic ttyS0

ubuntu-bionic login: [   66.167900] cloud-init[1340]: Cloud-init v. 23.1.2-0ubuntu0~18.04.1 running 'modules:config' at Mon, 14 Apr 2025 14:57:24 +0000. Up 62.72 seconds.
ci-info: no authorized SSH keys fingerprints found for user ubuntu.
<14>Apr 14 14:57:35 cloud-init: #############################################################
<14>Apr 14 14:57:35 cloud-init: -----BEGIN SSH HOST KEY FINGERPRINTS-----
<14>Apr 14 14:57:35 cloud-init: 1024 SHA256:SUfRb0pAklcn4Zls36i/Zqb4vtu+LE9z9RctdfLEl+A root@ubuntu-bionic (DSA)
<14>Apr 14 14:57:35 cloud-init: 256 SHA256:FGnZVgEweZGcjn59MZm+76glJUaLTdDHizj8Y8JBjic root@ubuntu-bionic (ECDSA)
<14>Apr 14 14:57:35 cloud-init: 256 SHA256:vUtDA/uZvIbccP10iGSqPAbo1HxuUwTPx1XVKgor8gI root@ubuntu-bionic (ED25519)
<14>Apr 14 14:57:35 cloud-init: 2048 SHA256:NahKktJdTuRycM246Fihj06v/4fYarR7rBd4BXn2B7U root@ubuntu-bionic (RSA)
<14>Apr 14 14:57:35 cloud-init: -----END SSH HOST KEY FINGERPRINTS-----
<14>Apr 14 14:57:35 cloud-init: #############################################################
-----BEGIN SSH HOST KEY KEYS-----
ecdsa-sha2-nistp256 AAAAE2VjZHNhLXNoYTItbmlzdHAyNTYAAAAIbmlzdHAyNTYAAABBBA+VR+pVXwZvJSuKZDMGpTXTdvY9jzI7CGU03NuK+ayyZyC/b6JtVa6+aLSV2Fnl1OHEs+9jfT7Hsq1X0TrLubM= root@ubuntu-bionic
ssh-ed25519 AAAAC3NzaC1lZDI1NTE5AAAAIF1VV8ghiIkgfgjDoVZ/vOH5Z30rtOqtPUvLmWVUNHL6 root@ubuntu-bionic
ssh-rsa AAAAB3NzaC1yc2EAAAADAQABAAABAQDwmJiXo6NXzH1p1Eh0yrMGTAub34ztXTI3ZZBNtJakzBcyXTYSo4JTY4WlnuBcF8zg/bjrIg2Xiz8+i2hgCIAhkOSUDvVH4RmXuF7iUOTRnqMvbPagwZZ3A/WvbJnxI69UA6Dow0BJvN81/aEGxODllfYEb1i/mCHoZdTfNYYjVZMMp9+emyB0SoQqYVMMIRuOqj64LNtx/42P4rFxeabsIHwOa9d0P60PNJKHOctaVFBCl+cEogEzVAKvaxxQ9VY/f3vRXjZ1K+cnCn8oqoViQRp7P5sYfBzsJZprqY8+s3yXSgBesSntBdNZeIyKyE37WqdRg1DK+AeAhSqFfbp1 root@ubuntu-bionic
-----END SSH HOST KEY KEYS-----
[   73.424407] cloud-init[1522]: Cloud-init v. 23.1.2-0ubuntu0~18.04.1 running 'modules:final' at Mon, 14 Apr 2025 14:57:33 +0000. Up 71.96 seconds.
[   73.425072] cloud-init[1522]: Cloud-init v. 23.1.2-0ubuntu0~18.04.1 finished at Mon, 14 Apr 2025 14:57:35 +0000. Datasource DataSourceNoCloud [seed=/dev/sdb][dsmode=net].  Up 73.35 seconds
