[    0.000000] Linux version 4.15.0-212-generic (buildd@lcy02-amd64-083) (gcc version 7.5.0 (Ubuntu 7.5.0-3ubuntu1~18.04)) #223-Ubuntu SMP Tue May 23 13:09:22 UTC 2023 (Ubuntu 4.15.0-212.223-generic 4.15.18)
[    0.000000] Command line: BOOT_IMAGE=/boot/vmlinuz-4.15.0-212-generic root=LABEL=cloudimg-rootfs ro console=tty1 console=ttyS0
[    0.000000] KERNEL supported cpus:
[    0.000000]   Intel GenuineIntel
[    0.000000]   AMD AuthenticAMD
[    0.000000]   Centaur CentaurHauls
[    0.000000] x86/fpu: x87 FPU will use FXSAVE
[    0.000000] e820: BIOS-provided physical RAM map:
[    0.000000] BIOS-e820: [mem 0x0000000000000000-0x000000000009fbff] usable
[    0.000000] BIOS-e820: [mem 0x000000000009fc00-0x000000000009ffff] reserved
[    0.000000] BIOS-e820: [mem 0x00000000000f0000-0x00000000000fffff] reserved
[    0.000000] BIOS-e820: [mem 0x0000000000100000-0x000000003ffeffff] usable
[    0.000000] BIOS-e820: [mem 0x000000003fff0000-0x000000003fffffff] ACPI data
[    0.000000] BIOS-e820: [mem 0x00000000fec00000-0x00000000fec00fff] reserved
[    0.000000] BIOS-e820: [mem 0x00000000fee00000-0x00000000fee00fff] reserved
[    0.000000] BIOS-e820: [mem 0x00000000fffc0000-0x00000000ffffffff] reserved
[    0.000000] NX (Execute Disable) protection: active
[    0.000000] SMBIOS 2.5 present.
[    0.000000] DMI: innotek GmbH VirtualBox/VirtualBox, BIOS VirtualBox 12/01/2006
[    0.000000] Hypervisor detected: KVM
[    0.000000] e820: last_pfn = 0x3fff0 max_arch_pfn = 0x400000000
[    0.000000] x86/PAT: Configuration [0-7]: WB  WC  UC- UC  WB  WP  UC- WT  
[    0.000000] found SMP MP-table at [mem 0x0009fbf0-0x0009fbff]
[    0.000000] Scanning 1 areas for low memory corruption
[    0.000000] RAMDISK: [mem 0x359cb000-0x36cdcfff]
[    0.000000] ACPI: Early table checksum verification disabled
[    0.000000] ACPI: RSDP 0x00000000000E0000 000024 (v02 VBOX  )
[    0.000000] ACPI: XSDT 0x000000003FFF0030 00003C (v01 VBOX   VBOXXSDT 00000001 ASL  00000061)
[    0.000000] ACPI: FACP 0x000000003FFF00F0 0000F4 (v04 VBOX   VBOXFACP 00000001 ASL  00000061)
[    0.000000] ACPI: DSDT 0x000000003FFF0610 002353 (v02 VBOX   VBOXBIOS 00000002 INTL 20100528)
[    0.000000] ACPI: FACS 0x000000003FFF0200 000040
[    0.000000] ACPI: FACS 0x000000003FFF0200 000040
[    0.000000] ACPI: APIC 0x000000003FFF0240 00005C (v02 VBOX   VBOXAPIC 00000001 ASL  00000061)
[    0.000000] ACPI: SSDT 0x000000003FFF02A0 00036C (v01 VBOX   VBOXCPUT 00000002 INTL 20100528)
[    0.000000] ACPI: Reserving FACP table memory at [mem 0x3fff00f0-0x3fff01e3]
[    0.000000] ACPI: Reserving DSDT table memory at [mem 0x3fff0610-0x3fff2962]
[    0.000000] ACPI: Reserving FACS table memory at [mem 0x3fff0200-0x3fff023f]
[    0.000000] ACPI: Reserving FACS table memory at [mem 0x3fff0200-0x3fff023f]
[    0.000000] ACPI: Reserving APIC table memory at [mem 0x3fff0240-0x3fff029b]
[    0.000000] ACPI: Reserving SSDT table memory at [mem 0x3fff02a0-0x3fff060b]
[    0.000000] No NUMA configuration found
[    0.000000] Faking a node at [mem 0x0000000000000000-0x000000003ffeffff]
[    0.000000] NODE_DATA(0) allocated [mem 0x3ffc5000-0x3ffeffff]
[    0.000000] kvm-clock: cpu 0, msr 0:3ff44001, primary cpu clock
[    0.000000] kvm-clock: Using msrs 4b564d01 and 4b564d00
[    0.000000] kvm-clock: using sched offset of 6314423413 cycles
[    0.000000] clocksource: kvm-clock: mask: 0xffffffffffffffff max_cycles: 0x1cd42e4dffb, max_idle_ns: 881590591483 ns
[    0.000000] Zone ranges:
[    0.000000]   DMA      [mem 0x0000000000001000-0x0000000000ffffff]
[    0.000000]   DMA32    [mem 0x0000000001000000-0x000000003ffeffff]
[    0.000000]   Normal   empty
[    0.000000]   Device   empty
[    0.000000] Movable zone start for each node
[    0.000000] Early memory node ranges
[    0.000000]   node   0: [mem 0x0000000000001000-0x000000000009efff]
[    0.000000]   node   0: [mem 0x0000000000100000-0x000000003ffeffff]
[    0.000000] Reserved but unavailable: 104 pages
[    0.000000] Initmem setup node 0 [mem 0x0000000000001000-0x000000003ffeffff]
[    0.000000] ACPI: PM-Timer IO Port: 0x4008
[    0.000000] IOAPIC[0]: apic_id 2, version 32, address 0xfec00000, GSI 0-23
[    0.000000] ACPI: INT_SRC_OVR (bus 0 bus_irq 0 global_irq 2 dfl dfl)
[    0.000000] ACPI: INT_SRC_OVR (bus 0 bus_irq 9 global_irq 9 low level)
[    0.000000] Using ACPI (MADT) for SMP configuration information
[    0.000000] smpboot: Allowing 2 CPUs, 0 hotplug CPUs
[    0.000000] PM: Registered nosave memory: [mem 0x00000000-0x00000fff]
[    0.000000] PM: Registered nosave memory: [mem 0x0009f000-0x0009ffff]
[    0.000000] PM: Registered nosave memory: [mem 0x000a0000-0x000effff]
[    0.000000] PM: Registered nosave memory: [mem 0x000f0000-0x000fffff]
[    0.000000] e820: [mem 0x40000000-0xfebfffff] available for PCI devices
[    0.000000] Booting paravirtualized kernel on KVM
[    0.000000] clocksource: refined-jiffies: mask: 0xffffffff max_cycles: 0xffffffff, max_idle_ns: 7645519600211568 ns
[    0.000000] setup_percpu: NR_CPUS:8192 nr_cpumask_bits:2 nr_cpu_ids:2 nr_node_ids:1
[    0.000000] percpu: Embedded 50 pages/cpu s167936 r8192 d28672 u1048576
[    0.000000] PV qspinlock hash table entries: 256 (order: 0, 4096 bytes)
[    0.000000] Built 1 zonelists, mobility grouping on.  Total pages: 257913
[    0.000000] Policy zone: DMA32
[    0.000000] Kernel command line: BOOT_IMAGE=/boot/vmlinuz-4.15.0-212-generic root=LABEL=cloudimg-rootfs ro console=tty1 console=ttyS0
[    0.000000] Memory: 982644K/1048120K available (12300K kernel code, 2477K rwdata, 4324K rodata, 2480K init, 2720K bss, 65476K reserved, 0K cma-reserved)
[    0.000000] SLUB: HWalign=64, Order=0-3, MinObjects=0, CPUs=2, Nodes=1
[    0.000000] Kernel/User page tables isolation: enabled
[    0.000000] ftrace: allocating 39508 entries in 155 pages
[    0.004000] Hierarchical RCU implementation.
[    0.004000] 	RCU restricting CPUs from NR_CPUS=8192 to nr_cpu_ids=2.
[    0.004000] 	Tasks RCU enabled.
[    0.004000] RCU: Adjusting geometry for rcu_fanout_leaf=16, nr_cpu_ids=2
[    0.004000] NR_IRQS: 524544, nr_irqs: 440, preallocated irqs: 16
[    0.004000] random: crng init done
[    0.004000] Console: colour VGA+ 80x25
[    0.004000] console [tty1] enabled
[    0.004000] console [ttyS0] enabled
[    0.004000] ACPI: Core revision 20170831
[    0.004000] ACPI: 2 ACPI AML tables successfully acquired and loaded
[    0.004000] APIC: Switch to symmetric I/O mode setup
[    0.005685] x2apic enabled
[    0.008037] Switched APIC routing to physical x2apic.
[    0.016000] ..TIMER: vector=0x30 apic1=0 pin1=2 apic2=-1 pin2=-1
[    0.016024] tsc: Detected 1439.954 MHz processor
[    0.020040] Calibrating delay loop (skipped) preset value.. 2879.90 BogoMIPS (lpj=5759816)
[    0.024031] pid_max: default: 32768 minimum: 301
[    0.028166] Security Framework initialized
[    0.032029] Yama: becoming mindful.
[    0.036140] AppArmor: AppArmor initialized
[    0.046015] Dentry cache hash table entries: 131072 (order: 8, 1048576 bytes)
[    0.048482] Inode-cache hash table entries: 65536 (order: 7, 524288 bytes)
[    0.052129] Mount-cache hash table entries: 2048 (order: 2, 16384 bytes)
[    0.056065] Mountpoint-cache hash table entries: 2048 (order: 2, 16384 bytes)
[    0.061289] Last level iTLB entries: 4KB 48, 2MB 0, 4MB 0
[    0.064026] Last level dTLB entries: 4KB 256, 2MB 16, 4MB 16, 1GB 0
[    0.068026] Spectre V1 : Mitigation: usercopy/swapgs barriers and __user pointer sanitization
[    0.072025] Spectre V2 : Mitigation: Retpolines
[    0.076020] Spectre V2 : Spectre v2 / SpectreRSB mitigation: Filling RSB on context switch
[    0.080020] Spectre V2 : Spectre v2 / SpectreRSB : Filling RSB on VMEXIT
[    0.084180] MDS: Vulnerable: Clear CPU buffers attempted, no microcode
[    0.088021] MMIO Stale Data: Unknown: No mitigations
[    0.092505] Freeing SMP alternatives memory: 36K
[    0.213485] smpboot: CPU0: Intel(R) Atom(TM) x5-Z8350  CPU @ 1.44GHz (family: 0x6, model: 0x4c, stepping: 0x4)
[    0.220400] Performance Events: unsupported p6 CPU model 76 no PMU driver, software events only.
[    0.224309] Hierarchical SRCU implementation.
[    0.234083] NMI watchdog: Perf event create on CPU 0 failed with -2
[    0.236026] NMI watchdog: Perf NMI watchdog permanently disabled
[    0.240390] smp: Bringing up secondary CPUs ...
[    0.248576] x86: Booting SMP configuration:
[    0.252028] .... node  #0, CPUs:      #1
[    0.004000] kvm-clock: cpu 1, msr 0:3ff44041, secondary cpu clock
[    0.276142] smp: Brought up 1 node, 2 CPUs
[    0.280040] smpboot: Max logical packages: 1
[    0.284037] smpboot: Total of 2 processors activated (5759.81 BogoMIPS)
[    0.292028] devtmpfs: initialized
[    0.296000] x86/mm: Memory block size: 128MB
[    0.300460] evm: security.selinux
[    0.304025] evm: security.SMACK64
[    0.308027] evm: security.SMACK64EXEC
[    0.312016] evm: security.SMACK64TRANSMUTE
[    0.316024] evm: security.SMACK64MMAP
[    0.320023] evm: security.apparmor
[    0.324025] evm: security.ima
[    0.328026] evm: security.capability
[    0.338883] clocksource: jiffies: mask: 0xffffffff max_cycles: 0xffffffff, max_idle_ns: 7645041785100000 ns
[    0.340080] futex hash table entries: 512 (order: 3, 32768 bytes)
[    0.344252] pinctrl core: initialized pinctrl subsystem
[    0.352509] RTC time: 17:23:11, date: 03/03/25
[    0.380456] NET: Registered protocol family 16
[    0.384394] audit: initializing netlink subsys (disabled)
[    0.388167] audit: type=2000 audit(1741022597.910:1): state=initialized audit_enabled=0 res=1
[    0.396072] cpuidle: using governor ladder
[    0.400076] cpuidle: using governor menu
[    0.404239] ACPI: bus type PCI registered
[    0.408020] acpiphp: ACPI Hot Plug PCI Controller Driver version: 0.5
[    0.416098] PCI: Using configuration type 1 for base access
[    0.428152] HugeTLB registered 2.00 MiB page size, pre-allocated 0 pages
[    0.436419] ACPI: Added _OSI(Module Device)
[    0.440059] ACPI: Added _OSI(Processor Device)
[    0.444028] ACPI: Added _OSI(3.0 _SCP Extensions)
[    0.448027] ACPI: Added _OSI(Processor Aggregator Device)
[    0.452027] ACPI: Added _OSI(Linux-Dell-Video)
[    0.456087] ACPI: Added _OSI(Linux-Lenovo-NV-HDMI-Audio)
[    0.460048] ACPI: Added _OSI(Linux-HPI-Hybrid-Graphics)
[    0.468159] ACPI: Executed 1 blocks of module-level executable AML code
[    0.488376] ACPI: Interpreter enabled
[    0.492107] ACPI: (supports S0 S5)
[    0.496016] ACPI: Using IOAPIC for interrupt routing
[    0.501511] PCI: Using host bridge windows from ACPI; if necessary, use "pci=nocrs" and report a bug
[    0.504874] ACPI: Enabled 2 GPEs in block 00 to 07
[    0.548228] ACPI: PCI Root Bridge [PCI0] (domain 0000 [bus 00-ff])
[    0.552057] acpi PNP0A03:00: _OSC: OS supports [ASPM ClockPM Segments MSI]
[    0.561783] acpi PNP0A03:00: _OSC: not requesting OS control; OS requires [ExtendedConfig ASPM ClockPM MSI]
[    0.564096] acpi PNP0A03:00: fail to add MMCONFIG information, can't access extended PCI configuration space under this bridge.
[    0.573751] PCI host bridge to bus 0000:00
[    0.576031] pci_bus 0000:00: root bus resource [io  0x0000-0x0cf7 window]
[    0.580022] pci_bus 0000:00: root bus resource [io  0x0d00-0xffff window]
[    0.584036] pci_bus 0000:00: root bus resource [mem 0x000a0000-0x000bffff window]
[    0.588047] pci_bus 0000:00: root bus resource [mem 0x40000000-0xfdffffff window]
[    0.592036] pci_bus 0000:00: root bus resource [bus 00-ff]
[    0.607172] pci 0000:00:01.1: legacy IDE quirk: reg 0x10: [io  0x01f0-0x01f7]
[    0.608030] pci 0000:00:01.1: legacy IDE quirk: reg 0x14: [io  0x03f6]
[    0.612037] pci 0000:00:01.1: legacy IDE quirk: reg 0x18: [io  0x0170-0x0177]
[    0.616039] pci 0000:00:01.1: legacy IDE quirk: reg 0x1c: [io  0x0376]
[    0.728682] pci 0000:00:07.0: quirk: [io  0x4000-0x403f] claimed by PIIX4 ACPI
[    0.732140] pci 0000:00:07.0: quirk: [io  0x4100-0x410f] claimed by PIIX4 SMB
[    0.780208] ACPI: PCI Interrupt Link [LNKA] (IRQs 5 9 10 *11)
[    0.788796] ACPI: PCI Interrupt Link [LNKB] (IRQs 5 9 *10 11)
[    0.792799] ACPI: PCI Interrupt Link [LNKC] (IRQs 5 *9 10 11)
[    0.796812] ACPI: PCI Interrupt Link [LNKD] (IRQs 5 9 10 *11)
[    0.802210] SCSI subsystem initialized
[    0.808299] pci 0000:00:02.0: vgaarb: setting as boot VGA device
[    0.812000] pci 0000:00:02.0: vgaarb: VGA device added: decodes=io+mem,owns=io+mem,locks=none
[    0.812045] pci 0000:00:02.0: vgaarb: bridge control possible
[    0.816025] vgaarb: loaded
[    0.820196] ACPI: bus type USB registered
[    0.824263] usbcore: registered new interface driver usbfs
[    0.828132] usbcore: registered new interface driver hub
[    0.832092] usbcore: registered new device driver usb
[    0.836380] EDAC MC: Ver: 3.0.0
[    0.842395] PCI: Using ACPI for IRQ routing
[    0.845471] NetLabel: Initializing
[    0.848027] NetLabel:  domain hash size = 128
[    0.852023] NetLabel:  protocols = UNLABELED CIPSOv4 CALIPSO
[    0.856091] NetLabel:  unlabeled traffic allowed by default
[    0.864309] clocksource: Switched to clocksource kvm-clock
[    0.915021] VFS: Disk quotas dquot_6.6.0
[    0.919769] VFS: Dquot-cache hash table entries: 512 (order 0, 4096 bytes)
[    0.927281] AppArmor: AppArmor Filesystem Enabled
[    0.933527] pnp: PnP ACPI init
[    0.943822] pnp: PnP ACPI: found 3 devices
[    0.977353] clocksource: acpi_pm: mask: 0xffffff max_cycles: 0xffffff, max_idle_ns: 2085701024 ns
[    0.987671] NET: Registered protocol family 2
[    0.992797] IP idents hash table entries: 16384 (order: 5, 131072 bytes)
[    1.003371] TCP established hash table entries: 8192 (order: 4, 65536 bytes)
[    1.010976] TCP bind hash table entries: 8192 (order: 5, 131072 bytes)
[    1.017896] TCP: Hash tables configured (established 8192 bind 8192)
[    1.025460] UDP hash table entries: 512 (order: 2, 16384 bytes)
[    1.031115] UDP-Lite hash table entries: 512 (order: 2, 16384 bytes)
[    1.038805] NET: Registered protocol family 1
[    1.043331] pci 0000:00:00.0: Limiting direct PCI/PCI transfers
[    1.049187] pci 0000:00:01.0: Activating ISA DMA hang workarounds
[    1.056228] pci 0000:00:02.0: Video device with shadowed ROM at [mem 0x000c0000-0x000dffff]
[    1.065397] Unpacking initramfs...
[    1.987096] Freeing initrd memory: 19528K
[    1.993712] clocksource: tsc: mask: 0xffffffffffffffff max_cycles: 0x14c18f67c3a, max_idle_ns: 440795268761 ns
[    2.005313] platform rtc_cmos: registered platform RTC device (no PNP device found)
[    2.013280] Scanning for low memory corruption every 60 seconds
[    2.022269] Initialise system trusted keyrings
[    2.026935] Key type blacklist registered
[    2.031666] workingset: timestamp_bits=36 max_order=18 bucket_order=0
[    2.041874] zbud: loaded
[    2.046871] squashfs: version 4.0 (2009/01/31) Phillip Lougher
[    2.054635] fuse init (API version 7.26)
[    2.069383] Key type asymmetric registered
[    2.073901] Asymmetric key parser 'x509' registered
[    2.079109] Block layer SCSI generic (bsg) driver version 0.4 loaded (major 246)
[    2.086795] io scheduler noop registered
[    2.091358] io scheduler deadline registered
[    2.096963] io scheduler cfq registered (default)
[    2.102833] ACPI: AC Adapter [AC] (on-line)
[    2.107443] input: Power Button as /devices/LNXSYSTM:00/LNXPWRBN:00/input/input0
[    2.115389] ACPI: Power Button [PWRF]
[    2.120463] input: Sleep Button as /devices/LNXSYSTM:00/LNXSLPBN:00/input/input1
[    2.129114] ACPI: Sleep Button [SLPF]
[    2.136450] Serial: 8250/16550 driver, 32 ports, IRQ sharing enabled
[    2.138397] ACPI: Battery Slot [BAT0] (battery present)
[    2.173098] 00:02: ttyS0 at I/O 0x3f8 (irq = 4, base_baud = 115200) is a 16550A
[    2.193174] Linux agpgart interface v0.103
[    2.205518] loop: module loaded
[    2.211602] scsi host0: ata_piix
[    2.216642] scsi host1: ata_piix
[    2.220564] ata1: PATA max UDMA/33 cmd 0x1f0 ctl 0x3f6 bmdma 0xd000 irq 14
[    2.227981] ata2: PATA max UDMA/33 cmd 0x170 ctl 0x376 bmdma 0xd008 irq 15
[    2.235074] tun: Universal TUN/TAP device driver, 1.6
[    2.241589] PPP generic driver version 2.4.2
[    2.246978] ehci_hcd: USB 2.0 'Enhanced' Host Controller (EHCI) Driver
[    2.254463] ehci-pci: EHCI PCI platform driver
[    2.259021] ehci-platform: EHCI generic platform driver
[    2.264124] ohci_hcd: USB 1.1 'Open' Host Controller (OHCI) Driver
[    2.270224] ohci-pci: OHCI PCI platform driver
[    2.274606] ohci-platform: OHCI generic platform driver
[    2.279651] uhci_hcd: USB Universal Host Controller Interface driver
[    2.286161] i8042: PNP: PS/2 Controller [PNP0303:PS2K,PNP0f03:PS2M] at 0x60,0x64 irq 1,12
[    2.295940] serio: i8042 KBD port at 0x60,0x64 irq 1
[    2.301003] serio: i8042 AUX port at 0x60,0x64 irq 12
[    2.306447] mousedev: PS/2 mouse device common for all mice
[    2.314670] input: AT Translated Set 2 keyboard as /devices/platform/i8042/serio0/input/input2
[    2.316446] rtc_cmos rtc_cmos: rtc core: registered rtc_cmos as rtc0
[    2.329692] rtc_cmos rtc_cmos: alarms up to one day, 114 bytes nvram
[    2.335735] i2c /dev entries driver
[    2.339565] device-mapper: uevent: version 1.0.3
[    2.344510] device-mapper: ioctl: 4.37.0-ioctl (2017-09-20) initialised: dm-devel@redhat.com
[    2.353933] ledtrig-cpu: registered to indicate activity on CPUs
[    2.361871] NET: Registered protocol family 10
[    2.389101] Segment Routing with IPv6
[    2.404371] NET: Registered protocol family 17
[    2.432046] Key type dns_resolver registered
[    2.437248] mce: Using 0 MCE banks
[    2.441162] RAS: Correctable Errors collector initialized.
[    2.446648] sched_clock: Marking stable (2446468160, 0)->(4183492458, -1737024298)
[    2.457234] registered taskstats version 1
[    2.461569] Loading compiled-in X.509 certificates
[    2.479550] Loaded X.509 cert 'Build time autogenerated kernel key: b5b26778eaa3ab3a4a6cee031137706e947d12ad'
[    2.492198] Loaded X.509 cert 'Canonical Ltd. Live Patch Signing: 14df34d1a87cf37625abec039ef2bf521249b969'
[    2.505149] Loaded X.509 cert 'Canonical Ltd. Kernel Module Signing: 88f752e560a1e0737e31163a466ad7b70a850c19'
[    2.514758] blacklist: Loading compiled-in revocation X.509 certificates
[    2.521111] Loaded X.509 cert 'Canonical Ltd. Secure Boot Signing: 61482aa2830d0ab2ad5af10b7250da9033ddcef0'
[    2.530876] Loaded X.509 cert 'Canonical Ltd. Secure Boot Signing (2017): 242ade75ac4a15e50d50c84b0d45ff3eae707a03'
[    2.540655] Loaded X.509 cert 'Canonical Ltd. Secure Boot Signing (ESM 2018): 365188c1d374d6b07c3c8f240f8ef722433d6a8b'
[    2.551175] Loaded X.509 cert 'Canonical Ltd. Secure Boot Signing (2019): c0746fd6c5da3ae827864651ad66ae47fe24b3e8'
[    2.561722] Loaded X.509 cert 'Canonical Ltd. Secure Boot Signing (2021 v1): a8d54bbb3825cfb94fa13c9f8a594a195c107b8d'
[    2.572196] Loaded X.509 cert 'Canonical Ltd. Secure Boot Signing (2021 v2): 4cf046892d6fd3c9a5b03f98d845f90851dc6a8c'
[    2.582408] Loaded X.509 cert 'Canonical Ltd. Secure Boot Signing (2021 v3): 100437bb6de6e469b581e61cd66bce3ef4ed53af'
[    2.593289] Loaded X.509 cert 'Canonical Ltd. Secure Boot Signing (Ubuntu Core 2019): c1d57b8f6b743f23ee41f4f7ee292f06eecadfb9'
[    2.604635] zswap: loaded using pool lzo/zbud
[    2.630556] Key type big_key registered
[    2.634751] Key type trusted registered
[    2.648240] Key type encrypted registered
[    2.652365] AppArmor: AppArmor sha1 policy hashing enabled
[    2.658581] ima: No TPM chip found, activating TPM-bypass! (rc=-19)
[    2.664837] ima: Allocated hash algorithm: sha1
[    2.669336] evm: HMAC attrs: 0x1
[    2.673634]   Magic number: 1:831:389
[    2.677946] rtc_cmos rtc_cmos: setting system clock to 2025-03-03 17:23:13 UTC (1741022593)
[    2.687079] BIOS EDD facility v0.16 2004-Jun-25, 0 devices found
[    2.692892] EDD information not available.
[    2.706538] Freeing unused kernel image memory: 2480K
[    2.732381] Write protecting the kernel read-only data: 20480k
[    2.741952] Freeing unused kernel image memory: 2008K
[    2.749311] Freeing unused kernel image memory: 1820K
[    2.782692] x86/mm: Checked W+X mappings: passed, no W+X pages found.
[    2.790070] x86/mm: Checking user space page tables
[    2.822440] x86/mm: Checked W+X mappings: passed, no W+X pages found.
Loading, please wait...
starting version 237
[    3.311479] e1000: Intel(R) PRO/1000 Network Driver - version 7.3.21-k8-NAPI
[    3.311490] Fusion MPT base driver 3.04.20
[    3.319015] e1000: Copyright (c) 1999-2006 Intel Corporation.
[    3.338843] Copyright (c) 1999-2008 LSI Corporation
[    3.390070] Fusion MPT SPI Host driver 3.04.20
[    3.534765] SSE version of gcm_enc/dec engaged.
[    3.780341] input: ImExPS/2 Generic Explorer Mouse as /devices/platform/i8042/serio1/input/input4
[    4.215092] e1000 0000:00:03.0 eth0: (PCI:33MHz:32-bit) 02:3b:7b:b7:3b:2d
[    4.222687] e1000 0000:00:03.0 eth0: Intel(R) PRO/1000 Network Connection
[    4.233286] mptbase: ioc0: Initiating bringup
[    4.237221] e1000 0000:00:03.0 enp0s3: renamed from eth0
[    5.009024] ioc0: LSI53C1030 A0: Capabilities={Initiator}
[    8.263300] scsi host2: ioc0: LSI53C1030 A0, FwRev=00000000h, Ports=1, MaxQ=256, IRQ=20
[    9.998451] scsi 2:0:0:0: Direct-Access     VBOX     HARDDISK         1.0  PQ: 0 ANSI: 5
[   10.952405] scsi target2:0:0: Beginning Domain Validation
[   10.963497] scsi target2:0:0: Domain Validation skipping write tests
[   10.970400] scsi target2:0:0: Ending Domain Validation
[   10.977203] scsi target2:0:0: asynchronous
[   10.983839] scsi 2:0:1:0: Direct-Access     VBOX     HARDDISK         1.0  PQ: 0 ANSI: 5
[   11.916523] scsi target2:0:1: Beginning Domain Validation
[   11.929197] scsi target2:0:1: Domain Validation skipping write tests
[   11.937269] scsi target2:0:1: Ending Domain Validation
[   11.944146] scsi target2:0:1: asynchronous
[   11.974758] sd 2:0:0:0: Attached scsi generic sg0 type 0
[   11.981558] sd 2:0:0:0: [sda] 83886080 512-byte logical blocks: (42.9 GB/40.0 GiB)
[   11.991094] sd 2:0:0:0: [sda] Write Protect is off
[   12.000321] sd 2:0:0:0: [sda] Incomplete mode parameter data
[   12.000348] sd 2:0:1:0: Attached scsi generic sg1 type 0
[   12.006976] sd 2:0:0:0: [sda] Assuming drive cache: write through
[   12.013892] sd 2:0:1:0: [sdb] 20480 512-byte logical blocks: (10.5 MB/10.0 MiB)
[   12.030551] sd 2:0:1:0: [sdb] Write Protect is off
[   12.033749]  sda: sda1
[   12.040888] sd 2:0:1:0: [sdb] Incomplete mode parameter data
[   12.045170] sd 2:0:0:0: [sda] Attached SCSI disk
[   12.047651] sd 2:0:1:0: [sdb] Assuming drive cache: write through
[   12.069219] sd 2:0:1:0: [sdb] Attached SCSI disk
Begin: Loading essential drivers ... [   16.720177] raid6: sse2x1   gen()  1003 MB/s
[   16.768157] raid6: sse2x1   xor()  1568 MB/s
[   16.816273] raid6: sse2x2   gen()   445 MB/s
[   16.868338] raid6: sse2x2   xor()  1742 MB/s
[   16.917254] raid6: sse2x4   gen()   412 MB/s
[   16.976218] raid6: sse2x4   xor()   381 MB/s
[   16.982189] raid6: using algorithm sse2x1 gen() 1003 MB/s
[   16.991157] raid6: .... xor() 1568 MB/s, rmw enabled
[   16.997770] raid6: using ssse3x2 recovery algorithm
[   17.013755] xor: measuring software checksum speed
[   17.056599]    prefetch64-sse:  4882.000 MB/sec
[   17.100456]    generic_sse:  4092.000 MB/sec
[   17.106479] xor: using function: prefetch64-sse (4882.000 MB/sec)
[   17.120696] async_tx: api initialized (async)
done.
Begin: Running /scripts/init-premount ... done.
Begin: Mounting root file system ... Begin: Running /scripts/local-top ... done.
Begin: Running /scripts/local-premount ... [   17.685922] Btrfs loaded, crc32c=crc32c-intel
Scanning for Btrfs filesystems
done.
Warning: fsck not present, so skipping root file system
[   17.883489] EXT4-fs (sda1): mounted filesystem with ordered data mode. Opts: (null)
done.
Begin: Running /scripts/local-bottom ... done.
Begin: Running /scripts/init-bottom ... done.
[   18.692550] ip_tables: (C) 2000-2006 Netfilter Core Team
[   18.759285] systemd[1]: systemd 237 running in system mode. (+PAM +AUDIT +SELINUX +IMA +APPARMOR +SMACK +SYSVINIT +UTMP +LIBCRYPTSETUP +GCRYPT +GNUTLS +ACL +XZ +LZ4 +SECCOMP +BLKID +ELFUTILS +KMOD -IDN2 +IDN -PCRE2 default-hierarchy=hybrid)
[   18.781759] systemd[1]: Detected virtualization oracle.
[   18.787574] systemd[1]: Detected architecture x86-64.

Welcome to [1mUbuntu 18.04.6 LTS[0m!

[   18.818237] systemd[1]: Set hostname to <ubuntu>.
[   18.833870] systemd[1]: Initializing machine ID from random generator.
[   18.841055] systemd[1]: Installed transient /etc/machine-id file.
[   19.902438] systemd[1]: Reached target Mounting snaps.
[[0;32m  OK  [0m] Reached target Mounting snaps.
[   19.913880] systemd[1]: Reached target Mounted snaps.
[[0;32m  OK  [0m] Reached target Mounted snaps.
[   19.924601] systemd[1]: Reached target System Time Synchronized.
[[0;32m  OK  [0m] Reached target System Time Synchronized.
[   19.937334] systemd[1]: Reached target User and Group Name Lookups.
[[0;32m  OK  [0m] Reached target User and Group Name Lookups.
[[0;32m  OK  [0m] Created slice User and Session Slice.
[[0;32m  OK  [0m] Reached target Swap.
[[0;32m  OK  [0m] Created slice System Slice.
[[0;32m  OK  [0m] Listening on udev Kernel Socket.
[[0;32m  OK  [0m] Listening on Syslog Socket.
[[0;32m  OK  [0m] Listening on Device-mapper event daemon FIFOs.
[[0;32m  OK  [0m] Listening on /dev/initctl Compatibility Named Pipe.
[[0;32m  OK  [0m] Listening on fsck to fsckd communication Socket.
[[0;32m  OK  [0m] Listening on LVM2 poll daemon socket.
[[0;32m  OK  [0m] Created slice system-serial\x2dgetty.slice.
[[0;32m  OK  [0m] Listening on udev Control Socket.
[[0;32m  OK  [0m] Reached target Slices.
[[0;32m  OK  [0m] Listening on Journal Audit Socket.
[[0;32m  OK  [0m] Listening on Network Service Netlink Socket.
[[0;32m  OK  [0m] Listening on LVM2 metadata daemon socket.
[[0;32m  OK  [0m] Listening on Journal Socket.
         Mounting Kernel Debug File System...
         Starting Uncomplicated firewall...
         Starting Load Kernel Modules...
         Starting Monitoring of LVM2 mirrorsâ€¦ng dmeventd or progress polling...
         Starting Create list of required stâ€¦ce nodes for the current kernel...
         Mounting POSIX Message Queue File System...
         Starting File System Check on Root Device...
         Mounting Huge Pages File System...
[[0;32m  OK  [0m] Listening on Journal Socket (/dev/log).
         Starting Journal Service...
[[0;32m  OK  [0m] Started Forward Password Requests to Wall Directory Watch.
[[0;32m  OK  [0m] Set up automount Arbitrary Executabâ€¦rmats File System Automount Point.
[   20.305951] Loading iSCSI transport class v2.0-870.
         Starting udev Coldplug all Devices...
         Starting Set the console keyboard layout...
[[0;32m  OK  [0m] Mounted Kernel Debug File System.
[[0;32m  OK  [0m] Started Uncomplicated firewall.
[[0;32m  OK  [0m] Started Create list of required staâ€¦vice nodes for the current kernel.
[[0;32m  OK  [0m] Mounted POSIX Message Queue File System.
[[0;32m  OK  [0m] Mounted Huge Pages File System.
[[0;32m  OK  [0m] Started LVM2 metadata daemon.
[[0;32m  OK  [0m] Started File System Check Daemon to report status.
         Starting Create Static Device Nodes in /dev...
[   20.483362] iscsi: registered transport (tcp)
[[0;32m  OK  [0m] Started File System Check on Root Device.
         Starting Remount Root and Kernel File Systems...
[[0;32m  OK  [0m] Started Monitoring of LVM2 mirrors,â€¦sing dmeventd or progress polling.
[[0;32m  OK  [0m] Started Create Static Device Nodes in /dev.
[[0;32m  OK  [0m] Started Journal Service.
[   20.801174] EXT4-fs (sda1): re-mounted. Opts: (null)
[[0;32m  OK  [0m] Started Remount Root and Kernel File Systems.
         Starting Load/Save Random Seed...
         Starting udev Kernel Device Manager...
         Starting Flush Journal to Persistent Storage...
[   20.917618] iscsi: registered transport (iser)
[   20.935165] systemd-journald[414]: Received request to flush runtime journal from PID 1
[[0;32m  OK  [0m] Started Load/Save Random Seed.
[[0;32m  OK  [0m] Started Load Kernel Modules.
         Starting Apply Kernel Variables...
         Mounting FUSE Control File System...
         Mounting Kernel Configuration File System...
[[0;32m  OK  [0m] Mounted FUSE Control File System.
[[0;32m  OK  [0m] Mounted Kernel Configuration File System.
[[0;32m  OK  [0m] Started Flush Journal to Persistent Storage.
[[0;32m  OK  [0m] Started udev Kernel Device Manager.
[[0;32m  OK  [0m] Started Apply Kernel Variables.
[[0;32m  OK  [0m] Started udev Coldplug all Devices.
[[0;32m  OK  [0m] Found device /dev/ttyS0.
[[0;32m  OK  [0m] Listening on Load/Save RF Kill Switch Status /dev/rfkill Watch.
         Mounting Arbitrary Executable File Formats File System...
[[0;32m  OK  [0m] Mounted Arbitrary Executable File Formats File System.
[[0;32m  OK  [0m] Started Set the console keyboard layout.
[[0;32m  OK  [0m] Started Dispatch Password Requests to Console Directory Watch.
[[0;32m  OK  [0m] Reached target Local Encrypted Volumes.
[[0;32m  OK  [0m] Reached target Local File Systems (Pre).
[[0;32m  OK  [0m] Reached target Local File Systems.
         Starting Commit a transient machine-id on disk...
         Starting ebtables ruleset management...
         Starting AppArmor initialization...
         Starting Set console font and keymap...
         Starting Tell Plymouth To Write Out Runtime Data...
         Starting Create Volatile Files and Directories...
[[0;32m  OK  [0m] Started Tell Plymouth To Write Out Runtime Data.
[[0;32m  OK  [0m] Started Commit a transient machine-id on disk.
[[0;32m  OK  [0m] Started Create Volatile Files and Directories.
         Starting Update UTMP about System Boot/Shutdown...
[[0;32m  OK  [0m] Started ebtables ruleset management.
[[0;32m  OK  [0m] Started Update UTMP about System Boot/Shutdown.
[[0;32m  OK  [0m] Started AppArmor initialization.
         Starting Load AppArmor profiles managed internally by snapd...
         Starting Initial cloud-init job (pre-networking)...
[[0;32m  OK  [0m] Started Load AppArmor profiles managed internally by snapd.
[[0;32m  OK  [0m] Started Set console font and keymap.
[   40.523808] cloud-init[790]: Cloud-init v. 23.1.2-0ubuntu0~18.04.1 running 'init-local' at Mon, 03 Mar 2025 17:23:49 +0000. Up 38.63 seconds.
[[0;32m  OK  [0m] Started Initial cloud-init job (pre-networking).
[[0;32m  OK  [0m] Reached target Network (Pre).
         Starting Network Service...
[[0;32m  OK  [0m] Started Network Service.
         Starting Network Name Resolution...
         Starting Wait for Network to be Configured...
[[0;32m  OK  [0m] Started Network Name Resolution.
[[0;32m  OK  [0m] Reached target Host and Network Name Lookups.
[[0;32m  OK  [0m] Reached target Network.
[[0;32m  OK  [0m] Started Wait for Network to be Configured.
         Starting Initial cloud-init job (metadata service crawler)...
[   48.322686] cloud-init[905]: Cloud-init v. 23.1.2-0ubuntu0~18.04.1 running 'init' at Mon, 03 Mar 2025 17:23:57 +0000. Up 47.01 seconds.
[   48.333656] cloud-init[905]: ci-info: ++++++++++++++++++++++++++++++++++++++Net device info++++++++++++++++++++++++++++++++++++++
[   48.345322] cloud-init[905]: ci-info: +--------+------+----------------------------+---------------+--------+-------------------+
[   48.355132] cloud-init[905]: ci-info: | Device |  Up  |          Address           |      Mask     | Scope  |     Hw-Address    |
[   48.377455] cloud-init[905]: ci-info: +--------+------+----------------------------+---------------+--------+-------------------+
[   48.392996] cloud-init[905]: ci-info: | enp0s3 | True |         10.0.2.15          | 255.255.255.0 | global | 02:3b:7b:b7:3b:2d |
[   48.403894] cloud-init[905]: ci-info: | enp0s3 | True | fd00::3b:7bff:feb7:3b2d/64 |       .       | global | 02:3b:7b:b7:3b:2d |
[   48.414775] cloud-init[905]: ci-info: | enp0s3 | True | fe80::3b:7bff:feb7:3b2d/64 |       .       |  link  | 02:3b:7b:b7:3b:2d |
[   48.426703] cloud-init[905]: ci-info: |   lo   | True |         127.0.0.1          |   255.0.0.0   |  host  |         .         |
[   48.437772] cloud-init[905]: ci-info: |   lo   | True |          ::1/128           |       .       |  host  |         .         |
[   48.448965] cloud-init[905]: ci-info: +--------+------+----------------------------+---------------+--------+-------------------+
[   48.458338] cloud-init[905]: ci-info: ++++++++++++++++++++++++++++Route IPv4 info+++++++++++++++++++++++++++++
[   48.471643] cloud-init[905]: ci-info: +-------+-------------+----------+-----------------+-----------+-------+
[   48.480438] cloud-init[905]: ci-info: | Route | Destination | Gateway  |     Genmask     | Interface | Flags |
[   48.490513] cloud-init[905]: ci-info: +-------+-------------+----------+-----------------+-----------+-------+
[   48.500766] cloud-init[905]: ci-info: |   0   |   0.0.0.0   | 10.0.2.2 |     0.0.0.0     |   enp0s3  |   UG  |
[   48.510304] cloud-init[905]: ci-info: |   1   |   10.0.2.0  | 0.0.0.0  |  255.255.255.0  |   enp0s3  |   U   |
[   48.519715] cloud-init[905]: ci-info: |   2   |   10.0.2.2  | 0.0.0.0  | 255.255.255.255 |   enp0s3  |   UH  |
[   48.528775] cloud-init[905]: ci-info: +-------+-------------+----------+-----------------+-----------+-------+
[   48.539214] cloud-init[905]: ci-info: +++++++++++++++++++Route IPv6 info+++++++++++++++++++
[   48.547659] cloud-init[905]: ci-info: +-------+-------------+---------+-----------+-------+
[   48.556521] cloud-init[905]: ci-info: | Route | Destination | Gateway | Interface | Flags |
[   48.581087] cloud-init[905]: ci-info: +-------+-------------+---------+-----------+-------+
[   48.590677] cloud-init[905]: ci-info: |   1   |  fd00::/64  |    ::   |   enp0s3  |   U   |
[   48.598363] cloud-init[905]: ci-info: |   2   |  fe80::/64  |    ::   |   enp0s3  |   U   |
[   48.611368] cloud-init[905]: ci-info: |   3   |     ::/0    | fe80::2 |   enp0s3  |   UG  |
[   48.619577] cloud-init[905]: ci-info: |   5   |    local    |    ::   |   enp0s3  |   U   |
[   48.629821] cloud-init[905]: ci-info: |   6   |    local    |    ::   |   enp0s3  |   U   |
[   48.638324] cloud-init[905]: ci-info: |   7   |   ff00::/8  |    ::   |   enp0s3  |   U   |
[   48.659174] cloud-init[905]: ci-info: +-------+-------------+---------+-----------+-------+
[   51.998811] cloud-init[905]: Generating public/private rsa key pair.
[   52.006367] cloud-init[905]: Your identification has been saved in /etc/ssh/ssh_host_rsa_key.
[   52.015545] cloud-init[905]: Your public key has been saved in /etc/ssh/ssh_host_rsa_key.pub.
[   52.023876] cloud-init[905]: The key fingerprint is:
[   52.029666] cloud-init[905]: SHA256:YHSLUP9ugR+YUSp6/Dyu5IvYcX1ie/Ve5XLK2nlaz6o root@ubuntu-bionic
[   52.049860] cloud-init[905]: The key's randomart image is:
[   52.056995] cloud-init[905]: +---[RSA 2048]----+
[   52.062285] cloud-init[905]: |    ..o . .      |
[   52.067594] cloud-init[905]: |     o + +       |
[   52.074694] cloud-init[905]: |      = =        |
[   52.080310] cloud-init[905]: |     + o *       |
[   52.085888] cloud-init[905]: |    . o S +     .|
[   52.101355] cloud-init[905]: |     . + o o.  ..|
[   52.108389] cloud-init[905]: |    . o B =. .. =|
[   52.129950] cloud-init[905]: |   o * o *.  o.Oo|
[   52.149335] cloud-init[905]: |  . o +oo.  E+O+o|
[   52.154346] cloud-init[905]: +----[SHA256]-----+
[   52.160575] cloud-init[905]: Generating public/private dsa key pair.
[   52.167847] cloud-init[905]: Your identification has been saved in /etc/ssh/ssh_host_dsa_key.
[   52.176772] cloud-init[905]: Your public key has been saved in /etc/ssh/ssh_host_dsa_key.pub.
[   52.186739] cloud-init[905]: The key fingerprint is:
[   52.191655] cloud-init[905]: SHA256:JnK8+3/MmWvL91vtnbYta/OQBMFq8fippeoeldwqvko root@ubuntu-bionic
[   52.213356] cloud-init[905]: The key's randomart image is:
[   52.219957] cloud-init[905]: +---[DSA 1024]----+
[   52.225020] cloud-init[905]: |           ..    |
[   52.230429] cloud-init[905]: |          . ..   |
[   52.235402] cloud-init[905]: |           =.    |
[   52.240929] cloud-init[905]: |     .   .+o..   |
[   52.247147] cloud-init[905]: |    . + S.+....  |
[   52.253996] cloud-init[905]: |     o + . .+. ..|
[   52.268914] cloud-init[905]: |      E o .* oo o|
[   52.274573] cloud-init[905]: |     . o oo.B =+=|
[   52.280543] cloud-init[905]: |      o=B+.o+=oXO|
[   52.297313] cloud-init[905]: +----[SHA256]-----+
[   52.302754] cloud-init[905]: Generating public/private ecdsa key pair.
[   52.311287] cloud-init[905]: Your identification has been saved in /etc/ssh/ssh_host_ecdsa_key.
[   52.318675] cloud-init[905]: Your public key has been saved in /etc/ssh/ssh_host_ecdsa_key.pub.
[   52.327480] cloud-init[905]: The key fingerprint is:
[   52.334224] cloud-init[905]: SHA256:HAxKAstXQfeEuncoYDGma4cma2vMDA7P15EsjgC25io root@ubuntu-bionic
[   52.342009] cloud-init[905]: The key's randomart image is:
[   52.363196] cloud-init[905]: +---[ECDSA 256]---+
[   52.378201] cloud-init[905]: |... o+o...       |
[   52.384571] cloud-init[905]: |.. *...+o        |
[   52.390417] cloud-init[905]: |..o.+ . o.       |
[   52.396511] cloud-init[905]: |.o.o . . .       |
[   52.409737] cloud-init[905]: |o = ....S        |
[   52.425065] cloud-init[905]: |=B ..o+o .       |
[   52.432397] cloud-init[905]: |&=.o oo..        |
[   52.438433] cloud-init[905]: |EO+ o .          |
[   52.442440] cloud-init[905]: |*...             |
[   52.447090] cloud-init[905]: +----[SHA256]-----+
[[0;32m  OK  [0m] Started Initial cloud-init job (metadata service crawler).
[   52.471439] [[0;32m  OK  [0m] Reached target Network is Online.cloud-init[905]: Generating public/private ed25519 key pair.
[   52.486199] cloud-init
[905]: [[0;32m  OK  [0m] Reached target Remote File Systems (Pre).Your identification has been saved in /etc/ssh/ssh_host_ed25519_key.
[   52.503143] 
[[0;32m  OK  [0m] Reached target Remote File Systems.cloud-init[905]: Your public key has been saved in /etc/ssh/ssh_host_ed25519_key.pub.

[   52.517777] cloud-init[905]: The key fingerprint is:         
Starting Availability of block devices...
[   52.528289] cloud-init[[905]: [0;32m  OK  [0mSHA256:PtPiCUSVLQB5BGIugsyvwSdDtg2ka5wvzlTObzRXOd0 root@ubuntu-bionic] 
Reached target Cloud-config availability.
[[0;32m  OK  [0m] Reached target System Initialization.
[[0;32m  OK  [0m] Listening on D-Bus System Message Bus Socket.
[[0;32m  OK  [0m] Started Discard unused blocks once a week.
[   52.545795] [[0;32m  OK  [0m] Started ACPI Events Check.
[[0;32m  OK  [0m] Started Message of the Day.
cloud-init[905]: [[0;32m  OK  [0m] Listening on Open-iSCSI iscsid Socket.
The key's randomart image is:
[   52.619696]          Starting Socket activation for snappy daemon.
[[0;32m  OK  [0m] Listening on UUID daemon activation socket.
[[0;32m  OK  [0m] Reached target Paths.
cloud-init[905]:          Starting LXD - unix socket.
[[0;32m  OK  [0m] Listening on ACPID Listen Socket.
[+--[ED25519 256]--+
[   52.648446] [0;32m  OK  [0m] Listening on cloud-init hotplug hook socket.
[[0;32m  OK  [0m] Started Ubuntu Advantage Timer for running repeated jobs.
cloud-init[905]: | .o o=o..o       |
[   52.666223] cloud-init[905]: |*o .. ..o .      |
[[0;32m  OK  [0m] Started Daily apt download activities.
[[0;32m  OK  [0m] Started Daily apt upgrade and clean activities.
[[0;32m  OK  [0m] Started Daily Cleanup of Temporary Directories.
[[0;32m  OK  [0m] Reached target Timers.
[   52.671796] cloud-init[[0;32m  OK  [0m] Started Availability of block devices.
[[0;32m  OK  [0m] Listening on Socket activation for snappy daemon.
[905]: |=*.  ..  .o .    |
[   52.725939] cloud-init[905]: |*o*  .   + . E   |
[   52.731890] cloud-init[905]: [[0;32m  OK  [0m] Listening on LXD - unix socket.
|.X =  . S .      |
[[0;32m  OK  [0m] Reached target Sockets.
[   52.752527] [[0;32m  OK  [0m] Reached target Basic System.
cloud-init[905]:          Starting System Logging Service...
|. @  + o .       |
[[0;32m  OK  [0m] Started FUSE filesystem for LXC.
[   52.785256] cloud-init[905]: | + +. + = .      |         Starting Accounts Service...

[   52.813103] cloud-init[905]: |+ . .. o =       |
[   52.824564] cloud-init[905]: | o  ..  o        |
[   52.837935] cloud-init[905]: +----[SHA256]-----+
[[0;32m  OK  [0m] Started irqbalance daemon.
[[0;32m  OK  [0m] Started Deferred execution scheduler.
[[0;32m  OK  [0m] Started Regular background program processing daemon.
[[0;32m  OK  [0m] Reached target Login Prompts (Pre).
         Starting LSB: Record successful boot for GRUB...
         Starting Virtualbox guest utils...
[[0;32m  OK  [0m] Started D-Bus System Message Bus.
         Starting Dispatcher daemon for systemd-networkd...
         Starting Permit User Sessions...
         Starting Login Service...
         Starting Snap Daemon...
         Starting LSB: automatic crash report generation...
         Starting Pollinate to seed the pseudo random number generator...
         Starting LXD - container startup/shutdown...
[[0;32m  OK  [0m] Started System Logging Service.
[[0;32m  OK  [0m] Started Permit User Sessions.
         Starting Authorization Manager...
         Starting Hostname Service...
         Starting Terminate Plymouth Boot Screen...
         Starting Hold until boot process finishes up...
[[0;32m  OK  [0m] Started Terminate Plymouth Boot Screen.
[[0;32m  OK  [0m] Started Hold until boot process finishes up.
         Starting Set console scheme...
[[0;32m  OK  [0m] Started Serial Getty on ttyS0.
[[0;32m  OK  [0m] Started Login Service.
[[0;32m  OK  [0m] Started Unattended Upgrades Shutdown.
[[0;32m  OK  [0m] Started Set console scheme.
[[0;32m  OK  [0m] Created slice system-getty.slice.
[[0;32m  OK  [0m] Started Getty on tty1.
[[0;32m  OK  [0m] Reached target Login Prompts.
[[0;32m  OK  [0m] Started LSB: automatic crash report generation.
[[0;32m  OK  [0m] Started LSB: Record successful boot for GRUB.
[[0;32m  OK  [0m] Started Hostname Service.
[[0;32m  OK  [0m] Started Authorization Manager.
[[0;32m  OK  [0m] Started Accounts Service.
[[0;32m  OK  [0m] Started LXD - container startup/shutdown.
[[0;32m  OK  [0m] Started Virtualbox guest utils.
[[0;32m  OK  [0m] Started Dispatcher daemon for systemd-networkd.
[[0;32m  OK  [0m] Started Pollinate to seed the pseudo random number generator.
         Starting OpenBSD Secure Shell server...
[[0;32m  OK  [0m] Started OpenBSD Secure Shell server.
[[0;32m  OK  [0m] Started Snap Daemon.
         Starting Wait until snapd is fully seeded...
[[0;32m  OK  [0m] Created slice User Slice of vagrant.
         Starting User Manager for UID 1000...
[[0;32m  OK  [0m] Started Session 1 of user vagrant.
[[0;32m  OK  [0m] Started User Manager for UID 1000.

Ubuntu 18.04.6 LTS ubuntu-bionic ttyS0

ubuntu-bionic login: [   76.548666] cloud-init[1375]: Cloud-init v. 23.1.2-0ubuntu0~18.04.1 running 'modules:config' at Mon, 03 Mar 2025 17:24:24 +0000. Up 73.67 seconds.
ci-info: no authorized SSH keys fingerprints found for user ubuntu.
<14>Mar  3 17:24:36 cloud-init: #############################################################
<14>Mar  3 17:24:36 cloud-init: -----BEGIN SSH HOST KEY FINGERPRINTS-----
<14>Mar  3 17:24:36 cloud-init: 1024 SHA256:JnK8+3/MmWvL91vtnbYta/OQBMFq8fippeoeldwqvko root@ubuntu-bionic (DSA)
<14>Mar  3 17:24:36 cloud-init: 256 SHA256:HAxKAstXQfeEuncoYDGma4cma2vMDA7P15EsjgC25io root@ubuntu-bionic (ECDSA)
<14>Mar  3 17:24:36 cloud-init: 256 SHA256:PtPiCUSVLQB5BGIugsyvwSdDtg2ka5wvzlTObzRXOd0 root@ubuntu-bionic (ED25519)
<14>Mar  3 17:24:36 cloud-init: 2048 SHA256:YHSLUP9ugR+YUSp6/Dyu5IvYcX1ie/Ve5XLK2nlaz6o root@ubuntu-bionic (RSA)
<14>Mar  3 17:24:36 cloud-init: -----END SSH HOST KEY FINGERPRINTS-----
<14>Mar  3 17:24:36 cloud-init: #############################################################
-----BEGIN SSH HOST KEY KEYS-----
ecdsa-sha2-nistp256 AAAAE2VjZHNhLXNoYTItbmlzdHAyNTYAAAAIbmlzdHAyNTYAAABBBDrh41G+gh4cyvutZBZqZ2S5eBEhx+ETEuJQhkAWiBE3WI2YntJNh0pi47gJSLvqX5tlc2gIRc3gXdaJ5jjMq8g= root@ubuntu-bionic
ssh-ed25519 AAAAC3NzaC1lZDI1NTE5AAAAIAGi+qEv/UXl34LODoBGRjDqUb9D+jKo5z9gDFEF2Gos root@ubuntu-bionic
ssh-rsa AAAAB3NzaC1yc2EAAAADAQABAAABAQC/K6vp7N/g+yT26D+l6rgS0HdH6aWCbcPJAfyGe8Yy0XizDHTjjA2mI5Zw5IEY6/RsvN4ou8Mt8m0Yvoba2/eyviI2HWZKKK9MeZQnt2SDJ3DNn5u0g+UvPfd8YpJxJMcPUd1reTMGz0Ozbkmfpjo9m38N3p66SstHcIeZd9LfQIJnO39twu2wFdH4hPXZQAOKo9k+OvQcMjLI33TGWJZ/yttdk/x+Y4WCG4XIUcGteeP2svQz8V4JSlf8PcjYuzXSBsK4LhBMkZs68YpFD/l2e7j+i6C1zWs8BgCoCeSM4+PyUr5Fyt4sIz0pPQcNM2uneObKYkYSfTHtXNuvfc/H root@ubuntu-bionic
-----END SSH HOST KEY KEYS-----
[   85.942585] cloud-init[1549]: Cloud-init v. 23.1.2-0ubuntu0~18.04.1 running 'modules:final' at Mon, 03 Mar 2025 17:24:34 +0000. Up 83.51 seconds.
[   85.948902] cloud-init[1549]: Cloud-init v. 23.1.2-0ubuntu0~18.04.1 finished at Mon, 03 Mar 2025 17:24:36 +0000. Datasource DataSourceNoCloud [seed=/dev/sdb][dsmode=net].  Up 85.82 seconds
