[    0.000000] Linux version 4.15.0-212-generic (buildd@lcy02-amd64-083) (gcc version 7.5.0 (Ubuntu 7.5.0-3ubuntu1~18.04)) #223-Ubuntu SMP Tue May 23 13:09:22 UTC 2023 (Ubuntu 4.15.0-212.223-generic 4.15.18)
[    0.000000] Command line: BOOT_IMAGE=/boot/vmlinuz-4.15.0-212-generic root=LABEL=cloudimg-rootfs ro console=tty1 console=ttyS0
[    0.000000] KERNEL supported cpus:
[    0.000000]   Intel GenuineIntel
[    0.000000]   AMD AuthenticAMD
[    0.000000]   Centaur CentaurHauls
[    0.000000] x86/fpu: x87 FPU will use FXSAVE
[    0.000000] e820: BIOS-provided physical RAM map:
[    0.000000] BIOS-e820: [mem 0x0000000000000000-0x000000000009fbff] usable
[    0.000000] BIOS-e820: [mem 0x000000000009fc00-0x000000000009ffff] reserved
[    0.000000] BIOS-e820: [mem 0x00000000000f0000-0x00000000000fffff] reserved
[    0.000000] BIOS-e820: [mem 0x0000000000100000-0x000000003ffeffff] usable
[    0.000000] BIOS-e820: [mem 0x000000003fff0000-0x000000003fffffff] ACPI data
[    0.000000] BIOS-e820: [mem 0x00000000fec00000-0x00000000fec00fff] reserved
[    0.000000] BIOS-e820: [mem 0x00000000fee00000-0x00000000fee00fff] reserved
[    0.000000] BIOS-e820: [mem 0x00000000fffc0000-0x00000000ffffffff] reserved
[    0.000000] NX (Execute Disable) protection: active
[    0.000000] SMBIOS 2.5 present.
[    0.000000] DMI: innotek GmbH VirtualBox/VirtualBox, BIOS VirtualBox 12/01/2006
[    0.000000] Hypervisor detected: KVM
[    0.000000] e820: last_pfn = 0x3fff0 max_arch_pfn = 0x400000000
[    0.000000] x86/PAT: Configuration [0-7]: WB  WC  UC- UC  WB  WP  UC- WT  
[    0.000000] found SMP MP-table at [mem 0x0009fbf0-0x0009fbff]
[    0.000000] Scanning 1 areas for low memory corruption
[    0.000000] RAMDISK: [mem 0x359cb000-0x36cdcfff]
[    0.000000] ACPI: Early table checksum verification disabled
[    0.000000] ACPI: RSDP 0x00000000000E0000 000024 (v02 VBOX  )
[    0.000000] ACPI: XSDT 0x000000003FFF0030 00003C (v01 VBOX   VBOXXSDT 00000001 ASL  00000061)
[    0.000000] ACPI: FACP 0x000000003FFF00F0 0000F4 (v04 VBOX   VBOXFACP 00000001 ASL  00000061)
[    0.000000] ACPI: DSDT 0x000000003FFF0610 002353 (v02 VBOX   VBOXBIOS 00000002 INTL 20100528)
[    0.000000] ACPI: FACS 0x000000003FFF0200 000040
[    0.000000] ACPI: FACS 0x000000003FFF0200 000040
[    0.000000] ACPI: APIC 0x000000003FFF0240 00005C (v02 VBOX   VBOXAPIC 00000001 ASL  00000061)
[    0.000000] ACPI: SSDT 0x000000003FFF02A0 00036C (v01 VBOX   VBOXCPUT 00000002 INTL 20100528)
[    0.000000] ACPI: Reserving FACP table memory at [mem 0x3fff00f0-0x3fff01e3]
[    0.000000] ACPI: Reserving DSDT table memory at [mem 0x3fff0610-0x3fff2962]
[    0.000000] ACPI: Reserving FACS table memory at [mem 0x3fff0200-0x3fff023f]
[    0.000000] ACPI: Reserving FACS table memory at [mem 0x3fff0200-0x3fff023f]
[    0.000000] ACPI: Reserving APIC table memory at [mem 0x3fff0240-0x3fff029b]
[    0.000000] ACPI: Reserving SSDT table memory at [mem 0x3fff02a0-0x3fff060b]
[    0.000000] No NUMA configuration found
[    0.000000] Faking a node at [mem 0x0000000000000000-0x000000003ffeffff]
[    0.000000] NODE_DATA(0) allocated [mem 0x3ffc5000-0x3ffeffff]
[    0.000000] kvm-clock: cpu 0, msr 0:3ff44001, primary cpu clock
[    0.000000] kvm-clock: Using msrs 4b564d01 and 4b564d00
[    0.000000] kvm-clock: using sched offset of 4971225631 cycles
[    0.000000] clocksource: kvm-clock: mask: 0xffffffffffffffff max_cycles: 0x1cd42e4dffb, max_idle_ns: 881590591483 ns
[    0.000000] Zone ranges:
[    0.000000]   DMA      [mem 0x0000000000001000-0x0000000000ffffff]
[    0.000000]   DMA32    [mem 0x0000000001000000-0x000000003ffeffff]
[    0.000000]   Normal   empty
[    0.000000]   Device   empty
[    0.000000] Movable zone start for each node
[    0.000000] Early memory node ranges
[    0.000000]   node   0: [mem 0x0000000000001000-0x000000000009efff]
[    0.000000]   node   0: [mem 0x0000000000100000-0x000000003ffeffff]
[    0.000000] Reserved but unavailable: 104 pages
[    0.000000] Initmem setup node 0 [mem 0x0000000000001000-0x000000003ffeffff]
[    0.000000] ACPI: PM-Timer IO Port: 0x4008
[    0.000000] IOAPIC[0]: apic_id 2, version 32, address 0xfec00000, GSI 0-23
[    0.000000] ACPI: INT_SRC_OVR (bus 0 bus_irq 0 global_irq 2 dfl dfl)
[    0.000000] ACPI: INT_SRC_OVR (bus 0 bus_irq 9 global_irq 9 low level)
[    0.000000] Using ACPI (MADT) for SMP configuration information
[    0.000000] smpboot: Allowing 2 CPUs, 0 hotplug CPUs
[    0.000000] PM: Registered nosave memory: [mem 0x00000000-0x00000fff]
[    0.000000] PM: Registered nosave memory: [mem 0x0009f000-0x0009ffff]
[    0.000000] PM: Registered nosave memory: [mem 0x000a0000-0x000effff]
[    0.000000] PM: Registered nosave memory: [mem 0x000f0000-0x000fffff]
[    0.000000] e820: [mem 0x40000000-0xfebfffff] available for PCI devices
[    0.000000] Booting paravirtualized kernel on KVM
[    0.000000] clocksource: refined-jiffies: mask: 0xffffffff max_cycles: 0xffffffff, max_idle_ns: 7645519600211568 ns
[    0.000000] setup_percpu: NR_CPUS:8192 nr_cpumask_bits:2 nr_cpu_ids:2 nr_node_ids:1
[    0.000000] percpu: Embedded 50 pages/cpu s167936 r8192 d28672 u1048576
[    0.000000] PV qspinlock hash table entries: 256 (order: 0, 4096 bytes)
[    0.000000] Built 1 zonelists, mobility grouping on.  Total pages: 257913
[    0.000000] Policy zone: DMA32
[    0.000000] Kernel command line: BOOT_IMAGE=/boot/vmlinuz-4.15.0-212-generic root=LABEL=cloudimg-rootfs ro console=tty1 console=ttyS0
[    0.000000] Memory: 982644K/1048120K available (12300K kernel code, 2477K rwdata, 4324K rodata, 2480K init, 2720K bss, 65476K reserved, 0K cma-reserved)
[    0.000000] SLUB: HWalign=64, Order=0-3, MinObjects=0, CPUs=2, Nodes=1
[    0.000000] Kernel/User page tables isolation: enabled
[    0.000000] ftrace: allocating 39508 entries in 155 pages
[    0.004000] Hierarchical RCU implementation.
[    0.004000] 	RCU restricting CPUs from NR_CPUS=8192 to nr_cpu_ids=2.
[    0.004000] 	Tasks RCU enabled.
[    0.004000] RCU: Adjusting geometry for rcu_fanout_leaf=16, nr_cpu_ids=2
[    0.004000] NR_IRQS: 524544, nr_irqs: 440, preallocated irqs: 16
[    0.004000] random: crng init done
[    0.004000] Console: colour VGA+ 80x25
[    0.004000] console [tty1] enabled
[    0.004000] console [ttyS0] enabled
[    0.004000] ACPI: Core revision 20170831
[    0.004000] ACPI: 2 ACPI AML tables successfully acquired and loaded
[    0.004000] APIC: Switch to symmetric I/O mode setup
[    0.005574] x2apic enabled
[    0.008040] Switched APIC routing to physical x2apic.
[    0.016000] ..TIMER: vector=0x30 apic1=0 pin1=2 apic2=-1 pin2=-1
[    0.016021] tsc: Detected 1439.954 MHz processor
[    0.020038] Calibrating delay loop (skipped) preset value.. 2879.90 BogoMIPS (lpj=5759816)
[    0.024025] pid_max: default: 32768 minimum: 301
[    0.028212] Security Framework initialized
[    0.032025] Yama: becoming mindful.
[    0.036124] AppArmor: AppArmor initialized
[    0.048218] Dentry cache hash table entries: 131072 (order: 8, 1048576 bytes)
[    0.052349] Inode-cache hash table entries: 65536 (order: 7, 524288 bytes)
[    0.056092] Mount-cache hash table entries: 2048 (order: 2, 16384 bytes)
[    0.060040] Mountpoint-cache hash table entries: 2048 (order: 2, 16384 bytes)
[    0.065078] Last level iTLB entries: 4KB 48, 2MB 0, 4MB 0
[    0.068018] Last level dTLB entries: 4KB 256, 2MB 16, 4MB 16, 1GB 0
[    0.072022] Spectre V1 : Mitigation: usercopy/swapgs barriers and __user pointer sanitization
[    0.076024] Spectre V2 : Mitigation: Retpolines
[    0.080013] Spectre V2 : Spectre v2 / SpectreRSB mitigation: Filling RSB on context switch
[    0.084011] Spectre V2 : Spectre v2 / SpectreRSB : Filling RSB on VMEXIT
[    0.088167] MDS: Vulnerable: Clear CPU buffers attempted, no microcode
[    0.092020] MMIO Stale Data: Unknown: No mitigations
[    0.096491] Freeing SMP alternatives memory: 36K
[    0.217999] smpboot: CPU0: Intel(R) Atom(TM) x5-Z8350  CPU @ 1.44GHz (family: 0x6, model: 0x4c, stepping: 0x4)
[    0.220368] Performance Events: unsupported p6 CPU model 76 no PMU driver, software events only.
[    0.224265] Hierarchical SRCU implementation.
[    0.232392] NMI watchdog: Perf event create on CPU 0 failed with -2
[    0.236024] NMI watchdog: Perf NMI watchdog permanently disabled
[    0.240299] smp: Bringing up secondary CPUs ...
[    0.244558] x86: Booting SMP configuration:
[    0.248014] .... node  #0, CPUs:      #1
[    0.004000] kvm-clock: cpu 1, msr 0:3ff44041, secondary cpu clock
[    0.260139] smp: Brought up 1 node, 2 CPUs
[    0.264028] smpboot: Max logical packages: 1
[    0.268035] smpboot: Total of 2 processors activated (5759.81 BogoMIPS)
[    0.273700] devtmpfs: initialized
[    0.276191] x86/mm: Memory block size: 128MB
[    0.284624] evm: security.selinux
[    0.288013] evm: security.SMACK64
[    0.292010] evm: security.SMACK64EXEC
[    0.295693] evm: security.SMACK64TRANSMUTE
[    0.296013] evm: security.SMACK64MMAP
[    0.300009] evm: security.apparmor
[    0.303469] evm: security.ima
[    0.304010] evm: security.capability
[    0.308393] clocksource: jiffies: mask: 0xffffffff max_cycles: 0xffffffff, max_idle_ns: 7645041785100000 ns
[    0.312048] futex hash table entries: 512 (order: 3, 32768 bytes)
[    0.316192] pinctrl core: initialized pinctrl subsystem
[    0.324518] RTC time: 19:10:03, date: 04/14/25
[    0.329081] NET: Registered protocol family 16
[    0.332355] audit: initializing netlink subsys (disabled)
[    0.336171] audit: type=2000 audit(1744657808.595:1): state=initialized audit_enabled=0 res=1
[    0.344037] cpuidle: using governor ladder
[    0.348060] cpuidle: using governor menu
[    0.352206] ACPI: bus type PCI registered
[    0.356019] acpiphp: ACPI Hot Plug PCI Controller Driver version: 0.5
[    0.360517] PCI: Using configuration type 1 for base access
[    0.372220] HugeTLB registered 2.00 MiB page size, pre-allocated 0 pages
[    0.380180] ACPI: Added _OSI(Module Device)
[    0.384025] ACPI: Added _OSI(Processor Device)
[    0.388000] ACPI: Added _OSI(3.0 _SCP Extensions)
[    0.388014] ACPI: Added _OSI(Processor Aggregator Device)
[    0.392191] ACPI: Added _OSI(Linux-Dell-Video)
[    0.396025] ACPI: Added _OSI(Linux-Lenovo-NV-HDMI-Audio)
[    0.400015] ACPI: Added _OSI(Linux-HPI-Hybrid-Graphics)
[    0.405352] ACPI: Executed 1 blocks of module-level executable AML code
[    0.422698] ACPI: Interpreter enabled
[    0.424062] ACPI: (supports S0 S5)
[    0.428011] ACPI: Using IOAPIC for interrupt routing
[    0.436596] PCI: Using host bridge windows from ACPI; if necessary, use "pci=nocrs" and report a bug
[    0.440705] ACPI: Enabled 2 GPEs in block 00 to 07
[    0.478535] ACPI: PCI Root Bridge [PCI0] (domain 0000 [bus 00-ff])
[    0.480040] acpi PNP0A03:00: _OSC: OS supports [ASPM ClockPM Segments MSI]
[    0.489341] acpi PNP0A03:00: _OSC: not requesting OS control; OS requires [ExtendedConfig ASPM ClockPM MSI]
[    0.492079] acpi PNP0A03:00: fail to add MMCONFIG information, can't access extended PCI configuration space under this bridge.
[    0.498119] PCI host bridge to bus 0000:00
[    0.504000] pci_bus 0000:00: root bus resource [io  0x0000-0x0cf7 window]
[    0.504021] pci_bus 0000:00: root bus resource [io  0x0d00-0xffff window]
[    0.508019] pci_bus 0000:00: root bus resource [mem 0x000a0000-0x000bffff window]
[    0.512018] pci_bus 0000:00: root bus resource [mem 0x40000000-0xfdffffff window]
[    0.516033] pci_bus 0000:00: root bus resource [bus 00-ff]
[    0.529956] pci 0000:00:01.1: legacy IDE quirk: reg 0x10: [io  0x01f0-0x01f7]
[    0.532023] pci 0000:00:01.1: legacy IDE quirk: reg 0x14: [io  0x03f6]
[    0.536035] pci 0000:00:01.1: legacy IDE quirk: reg 0x18: [io  0x0170-0x0177]
[    0.540017] pci 0000:00:01.1: legacy IDE quirk: reg 0x1c: [io  0x0376]
[    0.635917] pci 0000:00:07.0: quirk: [io  0x4000-0x403f] claimed by PIIX4 ACPI
[    0.636100] pci 0000:00:07.0: quirk: [io  0x4100-0x410f] claimed by PIIX4 SMB
[    0.676305] ACPI: PCI Interrupt Link [LNKA] (IRQs 5 9 10 *11)
[    0.681723] ACPI: PCI Interrupt Link [LNKB] (IRQs 5 9 *10 11)
[    0.684650] ACPI: PCI Interrupt Link [LNKC] (IRQs 5 *9 10 11)
[    0.692280] ACPI: PCI Interrupt Link [LNKD] (IRQs 5 9 10 *11)
[    0.697886] SCSI subsystem initialized
[    0.704090] pci 0000:00:02.0: vgaarb: setting as boot VGA device
[    0.708000] pci 0000:00:02.0: vgaarb: VGA device added: decodes=io+mem,owns=io+mem,locks=none
[    0.708024] pci 0000:00:02.0: vgaarb: bridge control possible
[    0.712014] vgaarb: loaded
[    0.716169] ACPI: bus type USB registered
[    0.720109] usbcore: registered new interface driver usbfs
[    0.724088] usbcore: registered new interface driver hub
[    0.728056] usbcore: registered new device driver usb
[    0.732274] EDAC MC: Ver: 3.0.0
[    0.737125] PCI: Using ACPI for IRQ routing
[    0.741236] NetLabel: Initializing
[    0.744019] NetLabel:  domain hash size = 128
[    0.748015] NetLabel:  protocols = UNLABELED CIPSOv4 CALIPSO
[    0.752067] NetLabel:  unlabeled traffic allowed by default
[    0.756311] clocksource: Switched to clocksource kvm-clock
[    0.801296] VFS: Disk quotas dquot_6.6.0
[    0.805285] VFS: Dquot-cache hash table entries: 512 (order 0, 4096 bytes)
[    0.811795] AppArmor: AppArmor Filesystem Enabled
[    0.816604] pnp: PnP ACPI init
[    0.824976] pnp: PnP ACPI: found 3 devices
[    0.849615] clocksource: acpi_pm: mask: 0xffffff max_cycles: 0xffffff, max_idle_ns: 2085701024 ns
[    0.857890] NET: Registered protocol family 2
[    0.862389] IP idents hash table entries: 16384 (order: 5, 131072 bytes)
[    0.871110] TCP established hash table entries: 8192 (order: 4, 65536 bytes)
[    0.878267] TCP bind hash table entries: 8192 (order: 5, 131072 bytes)
[    0.884436] TCP: Hash tables configured (established 8192 bind 8192)
[    0.890549] UDP hash table entries: 512 (order: 2, 16384 bytes)
[    0.896095] UDP-Lite hash table entries: 512 (order: 2, 16384 bytes)
[    0.902146] NET: Registered protocol family 1
[    0.906954] pci 0000:00:00.0: Limiting direct PCI/PCI transfers
[    0.913347] pci 0000:00:01.0: Activating ISA DMA hang workarounds
[    0.919374] pci 0000:00:02.0: Video device with shadowed ROM at [mem 0x000c0000-0x000dffff]
[    0.927560] Unpacking initramfs...
[    1.733607] Freeing initrd memory: 19528K
[    1.738046] clocksource: tsc: mask: 0xffffffffffffffff max_cycles: 0x14c18f67c3a, max_idle_ns: 440795268761 ns
[    1.747695] platform rtc_cmos: registered platform RTC device (no PNP device found)
[    1.757170] Scanning for low memory corruption every 60 seconds
[    1.766025] Initialise system trusted keyrings
[    1.770950] Key type blacklist registered
[    1.775523] workingset: timestamp_bits=36 max_order=18 bucket_order=0
[    1.785483] zbud: loaded
[    1.789880] squashfs: version 4.0 (2009/01/31) Phillip Lougher
[    1.796371] fuse init (API version 7.26)
[    1.809203] Key type asymmetric registered
[    1.813656] Asymmetric key parser 'x509' registered
[    1.818540] Block layer SCSI generic (bsg) driver version 0.4 loaded (major 246)
[    1.825789] io scheduler noop registered
[    1.829725] io scheduler deadline registered
[    1.834248] io scheduler cfq registered (default)
[    1.839910] ACPI: AC Adapter [AC] (on-line)
[    1.844342] input: Power Button as /devices/LNXSYSTM:00/LNXPWRBN:00/input/input0
[    1.851517] ACPI: Power Button [PWRF]
[    1.855533] input: Sleep Button as /devices/LNXSYSTM:00/LNXSLPBN:00/input/input1
[    1.862664] ACPI: Sleep Button [SLPF]
[    1.871374] ACPI: Battery Slot [BAT0] (battery present)
[    1.878029] Serial: 8250/16550 driver, 32 ports, IRQ sharing enabled
[    1.908274] 00:02: ttyS0 at I/O 0x3f8 (irq = 4, base_baud = 115200) is a 16550A
[    1.925829] Linux agpgart interface v0.103
[    1.938057] loop: module loaded
[    1.943485] scsi host0: ata_piix
[    1.947756] scsi host1: ata_piix
[    1.951417] ata1: PATA max UDMA/33 cmd 0x1f0 ctl 0x3f6 bmdma 0xd000 irq 14
[    1.957264] ata2: PATA max UDMA/33 cmd 0x170 ctl 0x376 bmdma 0xd008 irq 15
[    1.963555] tun: Universal TUN/TAP device driver, 1.6
[    1.970317] PPP generic driver version 2.4.2
[    1.975594] ehci_hcd: USB 2.0 'Enhanced' Host Controller (EHCI) Driver
[    1.981824] ehci-pci: EHCI PCI platform driver
[    1.986151] ehci-platform: EHCI generic platform driver
[    1.991315] ohci_hcd: USB 1.1 'Open' Host Controller (OHCI) Driver
[    1.997094] ohci-pci: OHCI PCI platform driver
[    2.001294] ohci-platform: OHCI generic platform driver
[    2.006273] uhci_hcd: USB Universal Host Controller Interface driver
[    2.012326] i8042: PNP: PS/2 Controller [PNP0303:PS2K,PNP0f03:PS2M] at 0x60,0x64 irq 1,12
[    2.021761] serio: i8042 KBD port at 0x60,0x64 irq 1
[    2.026507] serio: i8042 AUX port at 0x60,0x64 irq 12
[    2.032258] mousedev: PS/2 mouse device common for all mice
[    2.040125] input: AT Translated Set 2 keyboard as /devices/platform/i8042/serio0/input/input2
[    2.044653] rtc_cmos rtc_cmos: rtc core: registered rtc_cmos as rtc0
[    2.054795] rtc_cmos rtc_cmos: alarms up to one day, 114 bytes nvram
[    2.061144] i2c /dev entries driver
[    2.064960] device-mapper: uevent: version 1.0.3
[    2.069852] device-mapper: ioctl: 4.37.0-ioctl (2017-09-20) initialised: dm-devel@redhat.com
[    2.077622] ledtrig-cpu: registered to indicate activity on CPUs
[    2.085066] NET: Registered protocol family 10
[    2.109334] Segment Routing with IPv6
[    2.113524] NET: Registered protocol family 17
[    2.119125] Key type dns_resolver registered
[    2.164690] mce: Using 0 MCE banks
[    2.168382] RAS: Correctable Errors collector initialized.
[    2.173890] sched_clock: Marking stable (2173735381, 0)->(3013069947, -839334566)
[    2.183799] registered taskstats version 1
[    2.188348] Loading compiled-in X.509 certificates
[    2.210120] Loaded X.509 cert 'Build time autogenerated kernel key: b5b26778eaa3ab3a4a6cee031137706e947d12ad'
[    2.222049] Loaded X.509 cert 'Canonical Ltd. Live Patch Signing: 14df34d1a87cf37625abec039ef2bf521249b969'
[    2.233915] Loaded X.509 cert 'Canonical Ltd. Kernel Module Signing: 88f752e560a1e0737e31163a466ad7b70a850c19'
[    2.243235] blacklist: Loading compiled-in revocation X.509 certificates
[    2.249684] Loaded X.509 cert 'Canonical Ltd. Secure Boot Signing: 61482aa2830d0ab2ad5af10b7250da9033ddcef0'
[    2.259014] Loaded X.509 cert 'Canonical Ltd. Secure Boot Signing (2017): 242ade75ac4a15e50d50c84b0d45ff3eae707a03'
[    2.268871] Loaded X.509 cert 'Canonical Ltd. Secure Boot Signing (ESM 2018): 365188c1d374d6b07c3c8f240f8ef722433d6a8b'
[    2.278844] Loaded X.509 cert 'Canonical Ltd. Secure Boot Signing (2019): c0746fd6c5da3ae827864651ad66ae47fe24b3e8'
[    2.289443] Loaded X.509 cert 'Canonical Ltd. Secure Boot Signing (2021 v1): a8d54bbb3825cfb94fa13c9f8a594a195c107b8d'
[    2.299773] Loaded X.509 cert 'Canonical Ltd. Secure Boot Signing (2021 v2): 4cf046892d6fd3c9a5b03f98d845f90851dc6a8c'
[    2.310015] Loaded X.509 cert 'Canonical Ltd. Secure Boot Signing (2021 v3): 100437bb6de6e469b581e61cd66bce3ef4ed53af'
[    2.320049] Loaded X.509 cert 'Canonical Ltd. Secure Boot Signing (Ubuntu Core 2019): c1d57b8f6b743f23ee41f4f7ee292f06eecadfb9'
[    2.330921] zswap: loaded using pool lzo/zbud
[    2.355120] Key type big_key registered
[    2.359247] Key type trusted registered
[    2.372943] Key type encrypted registered
[    2.377319] AppArmor: AppArmor sha1 policy hashing enabled
[    2.382495] ima: No TPM chip found, activating TPM-bypass! (rc=-19)
[    2.388558] ima: Allocated hash algorithm: sha1
[    2.393788] evm: HMAC attrs: 0x1
[    2.399018]   Magic number: 5:671:192
[    2.403408] rtc_cmos rtc_cmos: setting system clock to 2025-04-14 19:10:05 UTC (1744657805)
[    2.415811] BIOS EDD facility v0.16 2004-Jun-25, 0 devices found
[    2.428522] EDD information not available.
[    2.443007] Freeing unused kernel image memory: 2480K
[    2.460126] Write protecting the kernel read-only data: 20480k
[    2.468793] Freeing unused kernel image memory: 2008K
[    2.476585] Freeing unused kernel image memory: 1820K
[    2.510412] x86/mm: Checked W+X mappings: passed, no W+X pages found.
[    2.517311] x86/mm: Checking user space page tables
[    2.549276] x86/mm: Checked W+X mappings: passed, no W+X pages found.
Loading, please wait...
starting version 237
[    3.043407] Fusion MPT base driver 3.04.20
[    3.048941] Copyright (c) 1999-2008 LSI Corporation
[    3.054811] e1000: Intel(R) PRO/1000 Network Driver - version 7.3.21-k8-NAPI
[    3.061826] e1000: Copyright (c) 1999-2006 Intel Corporation.
[    3.201043] Fusion MPT SPI Host driver 3.04.20
[    3.210909] SSE version of gcm_enc/dec engaged.
[    3.298651] input: ImExPS/2 Generic Explorer Mouse as /devices/platform/i8042/serio1/input/input4
[    4.288517] e1000 0000:00:03.0 eth0: (PCI:33MHz:32-bit) 02:3b:7b:b7:3b:2d
[    4.300875] e1000 0000:00:03.0 eth0: Intel(R) PRO/1000 Network Connection
[    4.312335] mptbase: ioc0: Initiating bringup
[    4.315304] e1000 0000:00:03.0 enp0s3: renamed from eth0
[    5.193772] ioc0: LSI53C1030 A0: Capabilities={Initiator}
[    8.695697] scsi host2: ioc0: LSI53C1030 A0, FwRev=00000000h, Ports=1, MaxQ=256, IRQ=20
[   10.682215] scsi 2:0:0:0: Direct-Access     VBOX     HARDDISK         1.0  PQ: 0 ANSI: 5
[   10.746834] scsi target2:0:0: Beginning Domain Validation
[   10.758781] scsi target2:0:0: Domain Validation skipping write tests
[   10.765285] scsi target2:0:0: Ending Domain Validation
[   10.771310] scsi target2:0:0: asynchronous
[   10.778397] scsi 2:0:1:0: Direct-Access     VBOX     HARDDISK         1.0  PQ: 0 ANSI: 5
[   11.306339] scsi target2:0:1: Beginning Domain Validation
[   11.346840] scsi target2:0:1: Domain Validation skipping write tests
[   11.355851] scsi target2:0:1: Ending Domain Validation
[   11.360950] scsi target2:0:1: asynchronous
[   11.383205] sd 2:0:0:0: [sda] 83886080 512-byte logical blocks: (42.9 GB/40.0 GiB)
[   11.390942] sd 2:0:0:0: Attached scsi generic sg0 type 0
[   11.396708] sd 2:0:0:0: [sda] Write Protect is off
[   11.402894] sd 2:0:1:0: Attached scsi generic sg1 type 0
[   11.403396] sd 2:0:0:0: [sda] Incomplete mode parameter data
[   11.409472] sd 2:0:1:0: [sdb] 20480 512-byte logical blocks: (10.5 MB/10.0 MiB)
[   11.414498] sd 2:0:0:0: [sda] Assuming drive cache: write through
[   11.422125] sd 2:0:1:0: [sdb] Write Protect is off
[   11.433207] sd 2:0:1:0: [sdb] Incomplete mode parameter data
[   11.438948] sd 2:0:1:0: [sdb] Assuming drive cache: write through
[   11.449571]  sda: sda1
[   11.456480] sd 2:0:0:0: [sda] Attached SCSI disk
[   11.456619] sd 2:0:1:0: [sdb] Attached SCSI disk
Begin: Loading essential drivers ... [   15.040589] raid6: sse2x1   gen()  1490 MB/s
[   15.092129] raid6: sse2x1   xor()  1670 MB/s
[   15.144855] raid6: sse2x2   gen()  1416 MB/s
[   15.196630] raid6: sse2x2   xor()  1972 MB/s
[   15.248598] raid6: sse2x4   gen()   639 MB/s
[   15.300105] raid6: sse2x4   xor()   766 MB/s
[   15.304647] raid6: using algorithm sse2x1 gen() 1490 MB/s
[   15.309999] raid6: .... xor() 1670 MB/s, rmw enabled
[   15.315625] raid6: using ssse3x2 recovery algorithm
[   15.324507] xor: measuring software checksum speed
[   15.368506]    prefetch64-sse:  6170.000 MB/sec
[   15.412303]    generic_sse:  4927.000 MB/sec
[   15.417330] xor: using function: prefetch64-sse (6170.000 MB/sec)
[   15.430740] async_tx: api initialized (async)
done.
Begin: Running /scripts/init-premount ... done.
Begin: Mounting root file system ... Begin: Running /scripts/local-top ... done.
Begin: Running /scripts/local-premount ... [   15.678441] Btrfs loaded, crc32c=crc32c-intel
Scanning for Btrfs filesystems
done.
Warning: fsck not present, so skipping root file system
[   15.831508] EXT4-fs (sda1): mounted filesystem with ordered data mode. Opts: (null)
done.
Begin: Running /scripts/local-bottom ... done.
Begin: Running /scripts/init-bottom ... done.
[   16.487292] ip_tables: (C) 2000-2006 Netfilter Core Team
[   16.544840] systemd[1]: systemd 237 running in system mode. (+PAM +AUDIT +SELINUX +IMA +APPARMOR +SMACK +SYSVINIT +UTMP +LIBCRYPTSETUP +GCRYPT +GNUTLS +ACL +XZ +LZ4 +SECCOMP +BLKID +ELFUTILS +KMOD -IDN2 +IDN -PCRE2 default-hierarchy=hybrid)
[   16.563342] systemd[1]: Detected virtualization oracle.
[   16.569629] systemd[1]: Detected architecture x86-64.

Welcome to [1mUbuntu 18.04.6 LTS[0m!

[   16.594241] systemd[1]: Set hostname to <ubuntu-bionic>.
[   17.689214] systemd[1]: Created slice System Slice.
[[0;32m  OK  [0m] Created slice System Slice.
[   17.708720] systemd[1]: Listening on Syslog Socket.
[[0;32m  OK  [0m] Listening on Syslog Socket.
[   17.718306] systemd[1]: Listening on Journal Audit Socket.
[[0;32m  OK  [0m] Listening on Journal Audit Socket.
[   17.729379] systemd[1]: Started Forward Password Requests to Wall Directory Watch.
[[0;32m  OK  [0m] Started Forward Password Requests to Wall Directory Watch.
[   17.742917] systemd[1]: Listening on LVM2 poll daemon socket.
[[0;32m  OK  [0m] Listening on LVM2 poll daemon socket.
[   17.761334] systemd[1]: Set up automount Arbitrary Executable File Formats File System Automount Point.
[[0;32m  OK  [0m] Set up automount Arbitrary Executabâ€¦rmats File System Automount Point.
[[0;32m  OK  [0m] Listening on fsck to fsckd communication Socket.
[[0;32m  OK  [0m] Listening on LVM2 metadata daemon socket.
[[0;32m  OK  [0m] Created slice User and Session Slice.
[[0;32m  OK  [0m] Reached target Slices.
[[0;32m  OK  [0m] Created slice system-serial\x2dgetty.slice.
[[0;32m  OK  [0m] Listening on udev Kernel Socket.
[[0;32m  OK  [0m] Listening on Device-mapper event daemon FIFOs.
[[0;32m  OK  [0m] Reached target User and Group Name Lookups.
[[0;32m  OK  [0m] Listening on Network Service Netlink Socket.
[[0;32m  OK  [0m] Listening on udev Control Socket.
[[0;32m  OK  [0m] Reached target Swap.
[[0;32m  OK  [0m] Listening on Journal Socket.
         Starting Create list of required stâ€¦ce nodes for the current kernel...
         Mounting Kernel Debug File System...
         Starting Monitoring of LVM2 mirrorsâ€¦ng dmeventd or progress polling...
         Starting File System Check on Root Device...
         Mounting POSIX Message Queue File System...
         Starting Uncomplicated firewall...
         Starting Set the console keyboard layout...
         Mounting Huge Pages File System...
         Starting udev Coldplug all Devices...
         Starting Load Kernel Modules...
[[0;32m  OK  [0m] Listening on /dev/initctl Compatibility Named Pipe.
[[0;32m  OK  [0m] Reached target Mounting snaps.
[[0;32m  OK  [0m] Reached target Mounted snaps.
[[0;32m  OK  [0m] Reached target System Time Synchronized.
[[0;32m  OK  [0m] Listening on Journal Socket (/dev/log).
         Starting Journal Service...
[[0;32m  OK  [0m] Started Create list of required staâ€¦vice nodes for the current kernel.
[[0;32m  OK  [0m] Mounted Kernel Debug File System.
[[0;32m  OK  [0m] Mounted POSIX Message Queue File System.
[[0;32m  OK  [0m] Started Uncomplicated firewall.
[[0;32m  OK  [0m] Mounted Huge Pages File System.
[[0;32m  OK  [0m] Started File System Check Daemon to report status.
         Starting Create Static Device Nodes in /dev...
[[0;32m  OK  [0m] Started LVM2 metadata daemon.
[[0;32m  OK  [0m] Started File System Check on Root Device.
         Starting Remount Root and Kernel File Systems...
[   18.273954] Loading iSCSI transport class v2.0-870.
[   18.403669] iscsi: registered transport (tcp)
[[0;32m  OK  [0m] Started Crea[   18.471987] EXT4-fs (sda1): re-mounted. Opts: (null)
te Static Device Nodes in /dev.
[[0;32m  OK  [0m] Started Remount Root and Kernel File Systems.
         Starting Load/Save Random Seed...
         Starting udev Kernel Device Manager...
[[0;32m  OK  [0m] Started Monitoring of LVM2 mirrors,â€¦sing dmeventd or progress polling.
[[0;32m  OK  [0m] Started Load/Save Random Seed.
[[0;32m  OK  [0m] Started udev Kernel Device Manager.
[   18.765829] iscsi: registered transport (iser)
[[0;32m  OK  [0m] Started Load Kernel Modules.
         Mounting Kernel Configuration File System...
         Mounting FUSE Control File System...
         Starting Apply Kernel Variables...
[[0;32m  OK  [0m] Mounted FUSE Control File System.
[[0;32m  OK  [0m] Mounted Kernel Configuration File System.
[[0;32m  OK  [0m] Started Apply Kernel Variables.
[[0;32m  OK  [0m] Started Journal Service.
         Starting Flush Journal to Persistent Storage...
[[0;32m  OK  [0m] Started udev Coldplug all Devices.
[[0;32m  OK  [0m] Started Flush Journal to Persistent Storage.
[[0;32m  OK  [0m] Started Set the console keyboard layout.
[[0;32m  OK  [0m] Reached target Local File Systems (Pre).
[[0;32m  OK  [0m] Reached target Local File Systems.
         Starting Set console font and keymap...
         Starting AppArmor initialization...
         Starting Tell Plymouth To Write Out Runtime Data...
         Starting Create Volatile Files and Directories...
         Starting ebtables ruleset management...
[[0;32m  OK  [0m] Started Dispatch Password Requests to Console Directory Watch.
[[0;32m  OK  [0m] Reached target Local Encrypted Volumes.
[[0;32m  OK  [0m] Started Set console font and keymap.
[[0;32m  OK  [0m] Started Tell Plymouth To Write Out Runtime Data.
[[0;32m  OK  [0m] Started Create Volatile Files and Directories.
         Starting Update UTMP about System Boot/Shutdown...
[[0;32m  OK  [0m] Started ebtables ruleset management.
[[0;32m  OK  [0m] Started Update UTMP about System Boot/Shutdown.
[[0;32m  OK  [0m] Started AppArmor initialization.
         Starting Load AppArmor profiles managed internally by snapd...
         Starting Initial cloud-init job (pre-networking)...
         Mounting Arbitrary Executable File Formats File System...
[[0;32m  OK  [0m] Mounted Arbitrary Executable File Formats File System.
[[0;32m  OK  [0m] Started Load AppArmor profiles managed internally by snapd.
[[0;32m  OK  [0m] Found device /dev/ttyS0.
[[0;32m  OK  [0m] Listening on Load/Save RF Kill Switch Status /dev/rfkill Watch.
[   27.001509] cloud-init[532]: Cloud-init v. 23.1.2-0ubuntu0~18.04.1 running 'init-local' at Mon, 14 Apr 2025 19:10:29 +0000. Up 25.93 seconds.
[[0;32m  OK  [0m] Started Initial cloud-init job (pre-networking).
[[0;32m  OK  [0m] Reached target Network (Pre).
         Starting Network Service...
[[0;32m  OK  [0m] Started Network Service.
         Starting Wait for Network to be Configured...
         Starting Network Name Resolution...
[[0;32m  OK  [0m] Started Network Name Resolution.
[[0;32m  OK  [0m] Reached target Network.
[[0;32m  OK  [0m] Reached target Host and Network Name Lookups.
[[0;32m  OK  [0m] Started Wait for Network to be Configured.
         Starting Initial cloud-init job (metadata service crawler)...
[   33.120284] cloud-init[670]: Cloud-init v. 23.1.2-0ubuntu0~18.04.1 running 'init' at Mon, 14 Apr 2025 19:10:35 +0000. Up 32.20 seconds.
[   33.130005] cloud-init[670]: ci-info: ++++++++++++++++++++++++++++++++++++++Net device info++++++++++++++++++++++++++++++++++++++
[   33.141675] cloud-init[670]: ci-info: +--------+------+----------------------------+---------------+--------+-------------------+
[   33.151077] cloud-init[670]: ci-info: | Device |  Up  |          Address           |      Mask     | Scope  |     Hw-Address    |
[   33.160628] cloud-init[670]: ci-info: +--------+------+----------------------------+---------------+--------+-------------------+
[   33.170837] cloud-init[670]: ci-info: | enp0s3 | True |         10.0.2.15          | 255.255.255.0 | global | 02:3b:7b:b7:3b:2d |
[   33.181086] cloud-init[670]: ci-info: | enp0s3 | True | fd00::3b:7bff:feb7:3b2d/64 |       .       | global | 02:3b:7b:b7:3b:2d |
[   33.190765] cloud-init[670]: ci-info: | enp0s3 | True | fe80::3b:7bff:feb7:3b2d/64 |       .       |  link  | 02:3b:7b:b7:3b:2d |
[   33.200640] cloud-init[670]: ci-info: |   lo   | True |         127.0.0.1          |   255.0.0.0   |  host  |         .         |
[   33.210572] cloud-init[670]: ci-info: |   lo   | True |          ::1/128           |       .       |  host  |         .         |
[   33.222225] cloud-init[670]: ci-info: +--------+------+----------------------------+---------------+--------+-------------------+
[   33.231096] cloud-init[670]: ci-info: ++++++++++++++++++++++++++++Route IPv4 info+++++++++++++++++++++++++++++
[   33.239546] cloud-init[670]: ci-info: +-------+-------------+----------+-----------------+-----------+-------+
[   33.247809] cloud-init[670]: ci-info: | Route | Destination | Gateway  |     Genmask     | Interface | Flags |
[   33.255853] cloud-init[670]: ci-info: +-------+-------------+----------+-----------------+-----------+-------+
[   33.265105] cloud-init[670]: ci-info: |   0   |   0.0.0.0   | 10.0.2.2 |     0.0.0.0     |   enp0s3  |   UG  |
[   33.273310] cloud-init[670]: ci-info: |   1   |   10.0.2.0  | 0.0.0.0  |  255.255.255.0  |   enp0s3  |   U   |
[   33.281747] cloud-init[670]: ci-info: |   2   |   10.0.2.2  | 0.0.0.0  | 255.255.255.255 |   enp0s3  |   UH  |
[   33.290491] cloud-init[670]: ci-info: +-------+-------------+----------+-----------------+-----------+-------+
[   33.298750] cloud-init[670]: ci-info: +++++++++++++++++++Route IPv6 info+++++++++++++++++++
[   33.306815] cloud-init[670]: ci-info: +-------+-------------+---------+-----------+-------+
[   33.314704] cloud-init[670]: ci-info: | Route | Destination | Gateway | Interface | Flags |
[   33.321902] cloud-init[670]: ci-info: +-------+-------------+---------+-----------+-------+
[   33.329654] cloud-init[670]: ci-info: |   1   |  fd00::/64  |    ::   |   enp0s3  |   U   |
[   33.336631] cloud-init[670]: ci-info: |   2   |  fe80::/64  |    ::   |   enp0s3  |   U   |
[   33.343871] cloud-init[670]: ci-info: |   3   |     ::/0    | fe80::2 |   enp0s3  |   UG  |
[   33.351450] cloud-init[670]: ci-info: |   5   |    local    |    ::   |   enp0s3  |   U   |
[   33.358428] cloud-init[670]: ci-info: |   6   |    local    |    ::   |   enp0s3  |   U   |
[   33.365667] cloud-init[670]: ci-info: |   7   |   ff00::/8  |    ::   |   enp0s3  |   U   |
[   33.373026] cloud-init[670]: ci-info: +-------+-------------+---------+-----------+-------+
[[0;32m  OK  [0m] Started Initial cloud-init job (metadata service crawler).
[[0;32m  OK  [0m] Reached target Network is Online.
[[0;32m  OK  [0m] Reached target Remote File Systems (Pre).
         Mounting /vagrant...
         Starting Availability of block devices...
[[0;32m  OK  [0m] Reached target Cloud-config availability.
[[0;32m  OK  [0m] Reached target System Initialization.
[[0;32m  OK  [0m] Started Daily Cleanup of Temporary Directories.
[[0;32m  OK  [0m] Started ACPI Events Check.
[[0;32m  OK  [0m] Reached target Paths.
[[0;32m  OK  [0m] Listening on cloud-init hotplug hook socket.
[[0;32m  OK  [0m] Started Message of the Day.
         Starting Socket activation for snappy daemon.
[[0;32m  OK  [0m] Listening on UUID daemon activation socket.
[[0;32m  OK  [0m] Started Discard unused blocks once a week.
[[0;32m  OK  [0m] Listening on D-Bus System Message Bus Socket.
[[0;32m  OK  [0m] Started Daily apt upgrade and clean activities.
[[0;32m  OK  [0m] Listening on Open-iSCSI iscsid Socket.
[[0;32m  OK  [0m] Listening on ACPID Listen Socket.
[[0;32m  OK  [0m] Started Ubuntu Advantage Timer for running repeated jobs.
[[0;32m  OK  [0m] Reached target Timers.
         Starting LXD - unix socket.
[[0;32m  OK  [0m] Started Availability of block devices.
[[0;32m  OK  [0m] Mounted /vagrant.
[[0;32m  OK  [0m] Listening on Socket activation for snappy daemon.
[[0;32m  OK  [0m] Listening on LXD - unix socket.
[[0;32m  OK  [0m] Reached target Sockets.
[[0;32m  OK  [0m] Reached target Basic System.
[[0;32m  OK  [0m] Started FUSE filesystem for LXC.
         Starting LXD - container startup/shutdown...
         Starting System Logging Service...
         Starting Snap Daemon...
[[0;32m  OK  [0m] Started Deferred execution scheduler.
         Starting Accounts Service...
         Starting Dispatcher daemon for systemd-networkd...
[[0;32m  OK  [0m] Started D-Bus System Message Bus.
         Starting LSB: Record successful boot for GRUB...
[[0;32m  OK  [0m] Started Regular background program processing daemon.
         Starting Login Service...
         Starting OpenBSD Secure Shell server...
         Starting Virtualbox guest utils...
[[0;32m  OK  [0m] Reached target Login Prompts (Pre).
[[0;32m  OK  [0m] Started irqbalance daemon.
[[0;32m  OK  [0m] Reached target Remote File Systems.
         Starting LSB: automatic crash report generation...
         Starting Permit User Sessions...
[[0;32m  OK  [0m] Started System Logging Service.
[[0;32m  OK  [0m] Started Permit User Sessions.
[[0;32m  OK  [0m] Started Login Service.
[[0;32m  OK  [0m] Started Unattended Upgrades Shutdown.
         Starting Authorization Manager...
         Starting Terminate Plymouth Boot Screen...
         Starting Hold until boot process finishes up...
         Starting Hostname Service...
[[0;32m  OK  [0m] Started LSB: Record successful boot for GRUB.
[[0;32m  OK  [0m] Started Terminate Plymouth Boot Screen.
[[0;32m  OK  [0m] Started Hold until boot process finishes up.
         Starting Set console scheme...
[[0;32m  OK  [0m] Started Serial Getty on ttyS0.
[[0;32m  OK  [0m] Started Set console scheme.
[[0;32m  OK  [0m] Created slice system-getty.slice.
[[0;32m  OK  [0m] Started Getty on tty1.
[[0;32m  OK  [0m] Reached target Login Prompts.
[[0;32m  OK  [0m] Started LSB: automatic crash report generation.
[[0;32m  OK  [0m] Started OpenBSD Secure Shell server.
[[0;32m  OK  [0m] Started Authorization Manager.
[[0;32m  OK  [0m] Started Accounts Service.
[[0;32m  OK  [0m] Started Hostname Service.
[[0;32m  OK  [0m] Started LXD - container startup/shutdown.
[[0;32m  OK  [0m] Started Virtualbox guest utils.
[[0;32m  OK  [0m] Started Dispatcher daemon for systemd-networkd.
[[0;32m  OK  [0m] Created slice User Slice of vagrant.
         Starting User Manager for UID 1000...
[[0;32m  OK  [0m] Started Session 1 of user vagrant.
[[0;32m  OK  [0m] Started Snap Daemon.
         Starting Wait until snapd is fully seeded...
         Starting Time & Date Service...
[[0;32m  OK  [0m] Started User Manager for UID 1000.
[[0;32m  OK  [0m] Started Time & Date Service.
[[0;32m  OK  [0m] Started Wait until snapd is fully seeded.
         Starting Apply the settings specified in cloud-config...

Ubuntu 18.04.6 LTS ubuntu-bionic ttyS0

ubuntu-bionic login: [   44.122584] cloud-init[929]: Cloud-init v. 23.1.2-0ubuntu0~18.04.1 running 'modules:config' at Mon, 14 Apr 2025 19:10:46 +0000. Up 43.33 seconds.
[   48.819714] cloud-init[1073]: Cloud-init v. 23.1.2-0ubuntu0~18.04.1 running 'modules:final' at Mon, 14 Apr 2025 19:10:50 +0000. Up 47.81 seconds.
[   48.821139] cloud-init[1073]: Cloud-init v. 23.1.2-0ubuntu0~18.04.1 finished at Mon, 14 Apr 2025 19:10:51 +0000. Datasource DataSourceNoCloud [seed=/dev/sdb][dsmode=net].  Up 48.71 seconds
